[2020-10-21T19:11:44.835+0800][gc,heap] Heap region size: 1M
[2020-10-21T19:11:44.842+0800][gc     ] Using G1
[2020-10-21T19:11:44.842+0800][gc,heap,coops] Heap address: 0x00000000c0000000, size: 1024 MB, Compressed Oops mode: 32-bit
[2020-10-21T19:11:44.842+0800][gc,cds       ] Mark closed archive regions in map: [0x00000000fff00000, 0x00000000fff69ff8]
[2020-10-21T19:11:44.842+0800][gc,cds       ] Mark open archive regions in map: [0x00000000ffe00000, 0x00000000ffe46ff8]
[2020-10-21T19:11:46.501+0800][gc,start     ] GC(0) Pause Young (Normal) (G1 Evacuation Pause)
[2020-10-21T19:11:46.502+0800][gc,task      ] GC(0) Using 8 workers of 8 for evacuation
[2020-10-21T19:11:46.512+0800][gc,phases    ] GC(0)   Pre Evacuate Collection Set: 0.0ms
[2020-10-21T19:11:46.512+0800][gc,phases    ] GC(0)   Evacuate Collection Set: 9.4ms
[2020-10-21T19:11:46.512+0800][gc,phases    ] GC(0)   Post Evacuate Collection Set: 0.5ms
[2020-10-21T19:11:46.512+0800][gc,phases    ] GC(0)   Other: 1.4ms
[2020-10-21T19:11:46.512+0800][gc,heap      ] GC(0) Eden regions: 51->0(44)
[2020-10-21T19:11:46.512+0800][gc,heap      ] GC(0) Survivor regions: 0->7(7)
[2020-10-21T19:11:46.512+0800][gc,heap      ] GC(0) Old regions: 2->2
[2020-10-21T19:11:46.512+0800][gc,heap      ] GC(0) Humongous regions: 0->0
[2020-10-21T19:11:46.512+0800][gc,metaspace ] GC(0) Metaspace: 15535K->15535K(1062912K)
[2020-10-21T19:11:46.512+0800][gc           ] GC(0) Pause Young (Normal) (G1 Evacuation Pause) 51M->6M(1024M) 11.277ms
[2020-10-21T19:11:46.512+0800][gc,cpu       ] GC(0) User=0.07s Sys=0.01s Real=0.01s
[2020-10-21T19:11:46.714+0800][gc,start     ] GC(1) Pause Young (Concurrent Start) (Metadata GC Threshold)
[2020-10-21T19:11:46.714+0800][gc,task      ] GC(1) Using 8 workers of 8 for evacuation
[2020-10-21T19:11:46.720+0800][gc,phases    ] GC(1)   Pre Evacuate Collection Set: 0.0ms
[2020-10-21T19:11:46.720+0800][gc,phases    ] GC(1)   Evacuate Collection Set: 5.9ms
[2020-10-21T19:11:46.720+0800][gc,phases    ] GC(1)   Post Evacuate Collection Set: 0.3ms
[2020-10-21T19:11:46.720+0800][gc,phases    ] GC(1)   Other: 0.2ms
[2020-10-21T19:11:46.720+0800][gc,heap      ] GC(1) Eden regions: 20->0(50)
[2020-10-21T19:11:46.720+0800][gc,heap      ] GC(1) Survivor regions: 7->1(7)
[2020-10-21T19:11:46.720+0800][gc,heap      ] GC(1) Old regions: 2->9
[2020-10-21T19:11:46.720+0800][gc,heap      ] GC(1) Humongous regions: 0->0
[2020-10-21T19:11:46.720+0800][gc,metaspace ] GC(1) Metaspace: 20597K->20597K(1067008K)
[2020-10-21T19:11:46.720+0800][gc           ] GC(1) Pause Young (Concurrent Start) (Metadata GC Threshold) 26M->7M(1024M) 6.541ms
[2020-10-21T19:11:46.720+0800][gc,cpu       ] GC(1) User=0.04s Sys=0.01s Real=0.01s
[2020-10-21T19:11:46.720+0800][gc           ] GC(2) Concurrent Cycle
[2020-10-21T19:11:46.720+0800][gc,marking   ] GC(2) Concurrent Clear Claimed Marks
[2020-10-21T19:11:46.720+0800][gc,marking   ] GC(2) Concurrent Clear Claimed Marks 0.022ms
[2020-10-21T19:11:46.720+0800][gc,marking   ] GC(2) Concurrent Scan Root Regions
[2020-10-21T19:11:46.721+0800][gc,marking   ] GC(2) Concurrent Scan Root Regions 0.744ms
[2020-10-21T19:11:46.721+0800][gc,marking   ] GC(2) Concurrent Mark (1.888s)
[2020-10-21T19:11:46.721+0800][gc,marking   ] GC(2) Concurrent Mark From Roots
[2020-10-21T19:11:46.721+0800][gc,task      ] GC(2) Using 2 workers of 2 for marking
[2020-10-21T19:11:46.727+0800][gc,marking   ] GC(2) Concurrent Mark From Roots 5.986ms
[2020-10-21T19:11:46.727+0800][gc,marking   ] GC(2) Concurrent Preclean
[2020-10-21T19:11:46.727+0800][gc,marking   ] GC(2) Concurrent Preclean 0.106ms
[2020-10-21T19:11:46.727+0800][gc,marking   ] GC(2) Concurrent Mark (1.888s, 1.894s) 6.122ms
[2020-10-21T19:11:46.727+0800][gc,start     ] GC(2) Pause Remark
[2020-10-21T19:11:46.728+0800][gc,stringtable] GC(2) Cleaned string and symbol table, strings: 4913 processed, 0 removed, symbols: 51438 processed, 46 removed
[2020-10-21T19:11:46.728+0800][gc            ] GC(2) Pause Remark 8M->8M(1024M) 1.261ms
[2020-10-21T19:11:46.728+0800][gc,cpu        ] GC(2) User=0.00s Sys=0.00s Real=0.01s
[2020-10-21T19:11:46.729+0800][gc,marking    ] GC(2) Concurrent Rebuild Remembered Sets
[2020-10-21T19:11:46.731+0800][gc,marking    ] GC(2) Concurrent Rebuild Remembered Sets 2.926ms
[2020-10-21T19:11:46.732+0800][gc,start      ] GC(2) Pause Cleanup
[2020-10-21T19:11:46.732+0800][gc            ] GC(2) Pause Cleanup 8M->8M(1024M) 0.194ms
[2020-10-21T19:11:46.732+0800][gc,cpu        ] GC(2) User=0.00s Sys=0.00s Real=0.00s
[2020-10-21T19:11:46.732+0800][gc,marking    ] GC(2) Concurrent Cleanup for Next Mark
[2020-10-21T19:11:46.737+0800][gc,marking    ] GC(2) Concurrent Cleanup for Next Mark 4.803ms
[2020-10-21T19:11:46.737+0800][gc            ] GC(2) Concurrent Cycle 16.540ms
[2020-10-21T19:11:51.199+0800][gc,start      ] GC(3) Pause Young (Normal) (G1 Evacuation Pause)
[2020-10-21T19:11:51.199+0800][gc,task       ] GC(3) Using 8 workers of 8 for evacuation
[2020-10-21T19:11:51.204+0800][gc,phases     ] GC(3)   Pre Evacuate Collection Set: 0.0ms
[2020-10-21T19:11:51.204+0800][gc,phases     ] GC(3)   Evacuate Collection Set: 4.3ms
[2020-10-21T19:11:51.204+0800][gc,phases     ] GC(3)   Post Evacuate Collection Set: 0.5ms
[2020-10-21T19:11:51.204+0800][gc,phases     ] GC(3)   Other: 0.1ms
[2020-10-21T19:11:51.204+0800][gc,heap       ] GC(3) Eden regions: 50->0(46)
[2020-10-21T19:11:51.204+0800][gc,heap       ] GC(3) Survivor regions: 1->5(7)
[2020-10-21T19:11:51.204+0800][gc,heap       ] GC(3) Old regions: 9->9
[2020-10-21T19:11:51.204+0800][gc,heap       ] GC(3) Humongous regions: 129->129
[2020-10-21T19:11:51.204+0800][gc,metaspace  ] GC(3) Metaspace: 28629K->28629K(1075200K)
[2020-10-21T19:11:51.204+0800][gc            ] GC(3) Pause Young (Normal) (G1 Evacuation Pause) 186M->140M(1024M) 5.025ms
[2020-10-21T19:11:51.204+0800][gc,cpu        ] GC(3) User=0.03s Sys=0.00s Real=0.01s
[2020-10-21T19:11:51.660+0800][gc,start      ] GC(4) Pause Young (Concurrent Start) (Metadata GC Threshold)
[2020-10-21T19:11:51.660+0800][gc,task       ] GC(4) Using 8 workers of 8 for evacuation
[2020-10-21T19:11:51.668+0800][gc,phases     ] GC(4)   Pre Evacuate Collection Set: 0.1ms
[2020-10-21T19:11:51.668+0800][gc,phases     ] GC(4)   Evacuate Collection Set: 6.8ms
[2020-10-21T19:11:51.668+0800][gc,phases     ] GC(4)   Post Evacuate Collection Set: 0.4ms
[2020-10-21T19:11:51.668+0800][gc,phases     ] GC(4)   Other: 0.2ms
[2020-10-21T19:11:51.668+0800][gc,heap       ] GC(4) Eden regions: 27->0(48)
[2020-10-21T19:11:51.668+0800][gc,heap       ] GC(4) Survivor regions: 5->3(7)
[2020-10-21T19:11:51.668+0800][gc,heap       ] GC(4) Old regions: 9->13
[2020-10-21T19:11:51.668+0800][gc,heap       ] GC(4) Humongous regions: 129->129
[2020-10-21T19:11:51.668+0800][gc,metaspace  ] GC(4) Metaspace: 34490K->34490K(1081344K)
[2020-10-21T19:11:51.668+0800][gc            ] GC(4) Pause Young (Concurrent Start) (Metadata GC Threshold) 166M->142M(1024M) 7.626ms
[2020-10-21T19:11:51.668+0800][gc,cpu        ] GC(4) User=0.04s Sys=0.00s Real=0.00s
[2020-10-21T19:11:51.668+0800][gc            ] GC(5) Concurrent Cycle
[2020-10-21T19:11:51.668+0800][gc,marking    ] GC(5) Concurrent Clear Claimed Marks
[2020-10-21T19:11:51.668+0800][gc,marking    ] GC(5) Concurrent Clear Claimed Marks 0.029ms
[2020-10-21T19:11:51.668+0800][gc,marking    ] GC(5) Concurrent Scan Root Regions
[2020-10-21T19:11:51.669+0800][gc,marking    ] GC(5) Concurrent Scan Root Regions 1.144ms
[2020-10-21T19:11:51.669+0800][gc,marking    ] GC(5) Concurrent Mark (6.836s)
[2020-10-21T19:11:51.669+0800][gc,marking    ] GC(5) Concurrent Mark From Roots
[2020-10-21T19:11:51.669+0800][gc,task       ] GC(5) Using 2 workers of 2 for marking
[2020-10-21T19:11:51.684+0800][gc,marking    ] GC(5) Concurrent Mark From Roots 14.478ms
[2020-10-21T19:11:51.684+0800][gc,marking    ] GC(5) Concurrent Preclean
[2020-10-21T19:11:51.684+0800][gc,marking    ] GC(5) Concurrent Preclean 0.234ms
[2020-10-21T19:11:51.684+0800][gc,marking    ] GC(5) Concurrent Mark (6.836s, 6.851s) 14.766ms
[2020-10-21T19:11:51.684+0800][gc,start      ] GC(5) Pause Remark
[2020-10-21T19:11:51.687+0800][gc,stringtable] GC(5) Cleaned string and symbol table, strings: 10604 processed, 9 removed, symbols: 81342 processed, 13 removed
[2020-10-21T19:11:51.688+0800][gc            ] GC(5) Pause Remark 143M->143M(1024M) 3.741ms
[2020-10-21T19:11:51.688+0800][gc,cpu        ] GC(5) User=0.02s Sys=0.00s Real=0.00s
[2020-10-21T19:11:51.688+0800][gc,marking    ] GC(5) Concurrent Rebuild Remembered Sets
[2020-10-21T19:11:51.696+0800][gc,marking    ] GC(5) Concurrent Rebuild Remembered Sets 8.331ms
[2020-10-21T19:11:51.696+0800][gc,start      ] GC(5) Pause Cleanup
[2020-10-21T19:11:51.697+0800][gc            ] GC(5) Pause Cleanup 145M->145M(1024M) 0.470ms
[2020-10-21T19:11:51.697+0800][gc,cpu        ] GC(5) User=0.00s Sys=0.00s Real=0.00s
[2020-10-21T19:11:51.697+0800][gc,marking    ] GC(5) Concurrent Cleanup for Next Mark
[2020-10-21T19:11:51.701+0800][gc,marking    ] GC(5) Concurrent Cleanup for Next Mark 4.226ms
[2020-10-21T19:11:51.701+0800][gc            ] GC(5) Concurrent Cycle 33.225ms
