[2020-10-21T18:38:17.441+0800][gc,heap] Heap region size: 1M
[2020-10-21T18:38:17.449+0800][gc     ] Using G1
[2020-10-21T18:38:17.449+0800][gc,heap,coops] Heap address: 0x00000000c0000000, size: 1024 MB, Compressed Oops mode: 32-bit
[2020-10-21T18:38:17.450+0800][gc,cds       ] Mark closed archive regions in map: [0x00000000fff00000, 0x00000000fff69ff8]
[2020-10-21T18:38:17.450+0800][gc,cds       ] Mark open archive regions in map: [0x00000000ffe00000, 0x00000000ffe46ff8]
[2020-10-21T18:38:37.070+0800][gc,heap,exit ] Heap
[2020-10-21T18:38:37.070+0800][gc,heap,exit ]  garbage-first heap   total 1048576K, used 48836K [0x00000000c0000000, 0x0000000100000000)
[2020-10-21T18:38:37.070+0800][gc,heap,exit ]   region size 1024K, 48 young (49152K), 0 survivors (0K)
[2020-10-21T18:38:37.070+0800][gc,heap,exit ]  Metaspace       used 14519K, capacity 14866K, committed 15104K, reserved 1062912K
[2020-10-21T18:38:37.070+0800][gc,heap,exit ]   class space    used 1814K, capacity 1985K, committed 2048K, reserved 1048576K
