[2020-10-21T19:05:45.148+0800][gc,heap] Heap region size: 1M
[2020-10-21T19:05:45.159+0800][gc     ] Using G1
[2020-10-21T19:05:45.159+0800][gc,heap,coops] Heap address: 0x00000000c0000000, size: 1024 MB, Compressed Oops mode: 32-bit
[2020-10-21T19:05:45.160+0800][gc,cds       ] Mark closed archive regions in map: [0x00000000fff00000, 0x00000000fff69ff8]
[2020-10-21T19:05:45.160+0800][gc,cds       ] Mark open archive regions in map: [0x00000000ffe00000, 0x00000000ffe46ff8]
[2020-10-21T19:05:47.046+0800][gc,start     ] GC(0) Pause Young (Normal) (G1 Evacuation Pause)
[2020-10-21T19:05:47.047+0800][gc,task      ] GC(0) Using 8 workers of 8 for evacuation
[2020-10-21T19:05:47.058+0800][gc,phases    ] GC(0)   Pre Evacuate Collection Set: 0.0ms
[2020-10-21T19:05:47.058+0800][gc,phases    ] GC(0)   Evacuate Collection Set: 10.4ms
[2020-10-21T19:05:47.058+0800][gc,phases    ] GC(0)   Post Evacuate Collection Set: 0.4ms
[2020-10-21T19:05:47.058+0800][gc,phases    ] GC(0)   Other: 0.6ms
[2020-10-21T19:05:47.058+0800][gc,heap      ] GC(0) Eden regions: 51->0(44)
[2020-10-21T19:05:47.058+0800][gc,heap      ] GC(0) Survivor regions: 0->7(7)
[2020-10-21T19:05:47.058+0800][gc,heap      ] GC(0) Old regions: 2->2
[2020-10-21T19:05:47.058+0800][gc,heap      ] GC(0) Humongous regions: 0->0
[2020-10-21T19:05:47.058+0800][gc,metaspace ] GC(0) Metaspace: 15504K->15504K(1062912K)
[2020-10-21T19:05:47.058+0800][gc           ] GC(0) Pause Young (Normal) (G1 Evacuation Pause) 51M->6M(1024M) 11.510ms
[2020-10-21T19:05:47.058+0800][gc,cpu       ] GC(0) User=0.06s Sys=0.00s Real=0.01s
[2020-10-21T19:05:47.290+0800][gc,start     ] GC(1) Pause Young (Concurrent Start) (Metadata GC Threshold)
[2020-10-21T19:05:47.290+0800][gc,task      ] GC(1) Using 8 workers of 8 for evacuation
[2020-10-21T19:05:47.299+0800][gc,phases    ] GC(1)   Pre Evacuate Collection Set: 0.0ms
[2020-10-21T19:05:47.299+0800][gc,phases    ] GC(1)   Evacuate Collection Set: 7.7ms
[2020-10-21T19:05:47.299+0800][gc,phases    ] GC(1)   Post Evacuate Collection Set: 0.4ms
[2020-10-21T19:05:47.299+0800][gc,phases    ] GC(1)   Other: 0.2ms
[2020-10-21T19:05:47.299+0800][gc,heap      ] GC(1) Eden regions: 20->0(49)
[2020-10-21T19:05:47.299+0800][gc,heap      ] GC(1) Survivor regions: 7->2(7)
[2020-10-21T19:05:47.299+0800][gc,heap      ] GC(1) Old regions: 2->9
[2020-10-21T19:05:47.299+0800][gc,heap      ] GC(1) Humongous regions: 0->0
[2020-10-21T19:05:47.299+0800][gc,metaspace ] GC(1) Metaspace: 20565K->20565K(1067008K)
[2020-10-21T19:05:47.299+0800][gc           ] GC(1) Pause Young (Concurrent Start) (Metadata GC Threshold) 26M->8M(1024M) 8.488ms
[2020-10-21T19:05:47.299+0800][gc,cpu       ] GC(1) User=0.05s Sys=0.00s Real=0.00s
[2020-10-21T19:05:47.299+0800][gc           ] GC(2) Concurrent Cycle
[2020-10-21T19:05:47.299+0800][gc,marking   ] GC(2) Concurrent Clear Claimed Marks
[2020-10-21T19:05:47.299+0800][gc,marking   ] GC(2) Concurrent Clear Claimed Marks 0.016ms
[2020-10-21T19:05:47.299+0800][gc,marking   ] GC(2) Concurrent Scan Root Regions
[2020-10-21T19:05:47.300+0800][gc,marking   ] GC(2) Concurrent Scan Root Regions 1.230ms
[2020-10-21T19:05:47.300+0800][gc,marking   ] GC(2) Concurrent Mark (2.155s)
[2020-10-21T19:05:47.300+0800][gc,marking   ] GC(2) Concurrent Mark From Roots
[2020-10-21T19:05:47.300+0800][gc,task      ] GC(2) Using 2 workers of 2 for marking
[2020-10-21T19:05:47.306+0800][gc,marking   ] GC(2) Concurrent Mark From Roots 5.694ms
[2020-10-21T19:05:47.306+0800][gc,marking   ] GC(2) Concurrent Preclean
[2020-10-21T19:05:47.306+0800][gc,marking   ] GC(2) Concurrent Preclean 0.142ms
[2020-10-21T19:05:47.306+0800][gc,marking   ] GC(2) Concurrent Mark (2.155s, 2.161s) 5.881ms
[2020-10-21T19:05:47.306+0800][gc,start     ] GC(2) Pause Remark
[2020-10-21T19:05:47.309+0800][gc,stringtable] GC(2) Cleaned string and symbol table, strings: 4901 processed, 0 removed, symbols: 51419 processed, 46 removed
[2020-10-21T19:05:47.310+0800][gc            ] GC(2) Pause Remark 8M->8M(1024M) 3.391ms
[2020-10-21T19:05:47.310+0800][gc,cpu        ] GC(2) User=0.02s Sys=0.00s Real=0.01s
[2020-10-21T19:05:47.310+0800][gc,marking    ] GC(2) Concurrent Rebuild Remembered Sets
[2020-10-21T19:05:47.312+0800][gc,marking    ] GC(2) Concurrent Rebuild Remembered Sets 2.306ms
[2020-10-21T19:05:47.312+0800][gc,start      ] GC(2) Pause Cleanup
[2020-10-21T19:05:47.312+0800][gc            ] GC(2) Pause Cleanup 8M->8M(1024M) 0.154ms
[2020-10-21T19:05:47.312+0800][gc,cpu        ] GC(2) User=0.00s Sys=0.00s Real=0.00s
[2020-10-21T19:05:47.312+0800][gc,marking    ] GC(2) Concurrent Cleanup for Next Mark
[2020-10-21T19:05:47.317+0800][gc,marking    ] GC(2) Concurrent Cleanup for Next Mark 4.714ms
[2020-10-21T19:05:47.317+0800][gc            ] GC(2) Concurrent Cycle 18.069ms
[2020-10-21T19:05:48.416+0800][gc,start      ] GC(3) Pause Young (Normal) (G1 Evacuation Pause)
[2020-10-21T19:05:48.416+0800][gc,task       ] GC(3) Using 8 workers of 8 for evacuation
[2020-10-21T19:05:48.428+0800][gc,phases     ] GC(3)   Pre Evacuate Collection Set: 0.0ms
[2020-10-21T19:05:48.429+0800][gc,phases     ] GC(3)   Evacuate Collection Set: 10.3ms
[2020-10-21T19:05:48.429+0800][gc,phases     ] GC(3)   Post Evacuate Collection Set: 1.7ms
[2020-10-21T19:05:48.429+0800][gc,phases     ] GC(3)   Other: 0.3ms
[2020-10-21T19:05:48.429+0800][gc,heap       ] GC(3) Eden regions: 49->0(46)
[2020-10-21T19:05:48.429+0800][gc,heap       ] GC(3) Survivor regions: 2->5(7)
[2020-10-21T19:05:48.429+0800][gc,heap       ] GC(3) Old regions: 9->9
[2020-10-21T19:05:48.429+0800][gc,heap       ] GC(3) Humongous regions: 129->129
[2020-10-21T19:05:48.429+0800][gc,metaspace  ] GC(3) Metaspace: 28772K->28772K(1075200K)
[2020-10-21T19:05:48.429+0800][gc            ] GC(3) Pause Young (Normal) (G1 Evacuation Pause) 186M->140M(1024M) 12.579ms
[2020-10-21T19:05:48.429+0800][gc,cpu        ] GC(3) User=0.07s Sys=0.00s Real=0.02s
[2020-10-21T19:05:48.888+0800][gc,start      ] GC(4) Pause Young (Concurrent Start) (Metadata GC Threshold)
[2020-10-21T19:05:48.888+0800][gc,task       ] GC(4) Using 8 workers of 8 for evacuation
[2020-10-21T19:05:48.895+0800][gc,phases     ] GC(4)   Pre Evacuate Collection Set: 0.1ms
[2020-10-21T19:05:48.895+0800][gc,phases     ] GC(4)   Evacuate Collection Set: 6.4ms
[2020-10-21T19:05:48.895+0800][gc,phases     ] GC(4)   Post Evacuate Collection Set: 0.4ms
[2020-10-21T19:05:48.895+0800][gc,phases     ] GC(4)   Other: 0.2ms
[2020-10-21T19:05:48.895+0800][gc,heap       ] GC(4) Eden regions: 25->0(49)
[2020-10-21T19:05:48.895+0800][gc,heap       ] GC(4) Survivor regions: 5->2(7)
[2020-10-21T19:05:48.895+0800][gc,heap       ] GC(4) Old regions: 9->13
[2020-10-21T19:05:48.895+0800][gc,heap       ] GC(4) Humongous regions: 129->129
[2020-10-21T19:05:48.895+0800][gc,metaspace  ] GC(4) Metaspace: 34549K->34549K(1081344K)
[2020-10-21T19:05:48.895+0800][gc            ] GC(4) Pause Young (Concurrent Start) (Metadata GC Threshold) 165M->142M(1024M) 7.181ms
[2020-10-21T19:05:48.895+0800][gc,cpu        ] GC(4) User=0.04s Sys=0.00s Real=0.00s
[2020-10-21T19:05:48.895+0800][gc            ] GC(5) Concurrent Cycle
[2020-10-21T19:05:48.895+0800][gc,marking    ] GC(5) Concurrent Clear Claimed Marks
[2020-10-21T19:05:48.895+0800][gc,marking    ] GC(5) Concurrent Clear Claimed Marks 0.064ms
[2020-10-21T19:05:48.895+0800][gc,marking    ] GC(5) Concurrent Scan Root Regions
[2020-10-21T19:05:48.901+0800][gc,marking    ] GC(5) Concurrent Scan Root Regions 5.985ms
[2020-10-21T19:05:48.902+0800][gc,marking    ] GC(5) Concurrent Mark (3.756s)
[2020-10-21T19:05:48.902+0800][gc,marking    ] GC(5) Concurrent Mark From Roots
[2020-10-21T19:05:48.902+0800][gc,task       ] GC(5) Using 2 workers of 2 for marking
[2020-10-21T19:05:48.919+0800][gc,marking    ] GC(5) Concurrent Mark From Roots 17.720ms
[2020-10-21T19:05:48.919+0800][gc,marking    ] GC(5) Concurrent Preclean
[2020-10-21T19:05:48.920+0800][gc,marking    ] GC(5) Concurrent Preclean 0.234ms
[2020-10-21T19:05:48.920+0800][gc,marking    ] GC(5) Concurrent Mark (3.756s, 3.774s) 18.026ms
[2020-10-21T19:05:48.920+0800][gc,start      ] GC(5) Pause Remark
[2020-10-21T19:05:48.923+0800][gc,stringtable] GC(5) Cleaned string and symbol table, strings: 10666 processed, 10 removed, symbols: 81340 processed, 13 removed
[2020-10-21T19:05:48.924+0800][gc            ] GC(5) Pause Remark 144M->144M(1024M) 3.929ms
[2020-10-21T19:05:48.924+0800][gc,cpu        ] GC(5) User=0.03s Sys=0.00s Real=0.01s
[2020-10-21T19:05:48.924+0800][gc,marking    ] GC(5) Concurrent Rebuild Remembered Sets
[2020-10-21T19:05:48.931+0800][gc,marking    ] GC(5) Concurrent Rebuild Remembered Sets 6.999ms
[2020-10-21T19:05:48.931+0800][gc,start      ] GC(5) Pause Cleanup
[2020-10-21T19:05:48.931+0800][gc            ] GC(5) Pause Cleanup 145M->145M(1024M) 0.253ms
[2020-10-21T19:05:48.931+0800][gc,cpu        ] GC(5) User=0.01s Sys=0.00s Real=0.00s
[2020-10-21T19:05:48.931+0800][gc,marking    ] GC(5) Concurrent Cleanup for Next Mark
[2020-10-21T19:05:48.937+0800][gc,marking    ] GC(5) Concurrent Cleanup for Next Mark 5.285ms
[2020-10-21T19:05:48.937+0800][gc            ] GC(5) Concurrent Cycle 41.159ms
[2020-10-21T19:06:17.246+0800][gc,heap,exit  ] Heap
[2020-10-21T19:06:17.246+0800][gc,heap,exit  ]  garbage-first heap   total 1048576K, used 173175K [0x00000000c0000000, 0x0000000100000000)
[2020-10-21T19:06:17.246+0800][gc,heap,exit  ]   region size 1024K, 24 young (24576K), 2 survivors (2048K)
[2020-10-21T19:06:17.246+0800][gc,heap,exit  ]  Metaspace       used 36433K, capacity 38031K, committed 38272K, reserved 1083392K
[2020-10-21T19:06:17.246+0800][gc,heap,exit  ]   class space    used 4374K, capacity 5142K, committed 5248K, reserved 1048576K
