[2020-10-21T19:38:37.976+0800][gc,heap] Heap region size: 1M
[2020-10-21T19:38:37.984+0800][gc     ] Using G1
[2020-10-21T19:38:37.984+0800][gc,heap,coops] Heap address: 0x00000000c0000000, size: 1024 MB, Compressed Oops mode: 32-bit
[2020-10-21T19:38:37.984+0800][gc,cds       ] Mark closed archive regions in map: [0x00000000fff00000, 0x00000000fff69ff8]
[2020-10-21T19:38:37.984+0800][gc,cds       ] Mark open archive regions in map: [0x00000000ffe00000, 0x00000000ffe46ff8]
[2020-10-21T19:38:39.866+0800][gc,start     ] GC(0) Pause Young (Normal) (G1 Evacuation Pause)
[2020-10-21T19:38:39.867+0800][gc,task      ] GC(0) Using 8 workers of 8 for evacuation
[2020-10-21T19:38:39.877+0800][gc,phases    ] GC(0)   Pre Evacuate Collection Set: 0.0ms
[2020-10-21T19:38:39.877+0800][gc,phases    ] GC(0)   Evacuate Collection Set: 8.8ms
[2020-10-21T19:38:39.877+0800][gc,phases    ] GC(0)   Post Evacuate Collection Set: 0.4ms
[2020-10-21T19:38:39.877+0800][gc,phases    ] GC(0)   Other: 1.1ms
[2020-10-21T19:38:39.877+0800][gc,heap      ] GC(0) Eden regions: 51->0(44)
[2020-10-21T19:38:39.877+0800][gc,heap      ] GC(0) Survivor regions: 0->7(7)
[2020-10-21T19:38:39.877+0800][gc,heap      ] GC(0) Old regions: 2->2
[2020-10-21T19:38:39.877+0800][gc,heap      ] GC(0) Humongous regions: 0->0
[2020-10-21T19:38:39.877+0800][gc,metaspace ] GC(0) Metaspace: 15503K->15503K(1062912K)
[2020-10-21T19:38:39.877+0800][gc           ] GC(0) Pause Young (Normal) (G1 Evacuation Pause) 51M->6M(1024M) 10.435ms
[2020-10-21T19:38:39.877+0800][gc,cpu       ] GC(0) User=0.07s Sys=0.00s Real=0.01s
[2020-10-21T19:38:40.067+0800][gc,start     ] GC(1) Pause Young (Concurrent Start) (Metadata GC Threshold)
[2020-10-21T19:38:40.067+0800][gc,task      ] GC(1) Using 8 workers of 8 for evacuation
[2020-10-21T19:38:40.074+0800][gc,phases    ] GC(1)   Pre Evacuate Collection Set: 0.0ms
[2020-10-21T19:38:40.074+0800][gc,phases    ] GC(1)   Evacuate Collection Set: 6.8ms
[2020-10-21T19:38:40.074+0800][gc,phases    ] GC(1)   Post Evacuate Collection Set: 0.4ms
[2020-10-21T19:38:40.074+0800][gc,phases    ] GC(1)   Other: 0.2ms
[2020-10-21T19:38:40.074+0800][gc,heap      ] GC(1) Eden regions: 21->0(49)
[2020-10-21T19:38:40.074+0800][gc,heap      ] GC(1) Survivor regions: 7->2(7)
[2020-10-21T19:38:40.074+0800][gc,heap      ] GC(1) Old regions: 2->9
[2020-10-21T19:38:40.074+0800][gc,heap      ] GC(1) Humongous regions: 0->0
[2020-10-21T19:38:40.074+0800][gc,metaspace ] GC(1) Metaspace: 20655K->20655K(1069056K)
[2020-10-21T19:38:40.074+0800][gc           ] GC(1) Pause Young (Concurrent Start) (Metadata GC Threshold) 27M->7M(1024M) 7.419ms
[2020-10-21T19:38:40.074+0800][gc,cpu       ] GC(1) User=0.05s Sys=0.00s Real=0.01s
[2020-10-21T19:38:40.074+0800][gc           ] GC(2) Concurrent Cycle
[2020-10-21T19:38:40.074+0800][gc,marking   ] GC(2) Concurrent Clear Claimed Marks
[2020-10-21T19:38:40.074+0800][gc,marking   ] GC(2) Concurrent Clear Claimed Marks 0.015ms
[2020-10-21T19:38:40.074+0800][gc,marking   ] GC(2) Concurrent Scan Root Regions
[2020-10-21T19:38:40.075+0800][gc,marking   ] GC(2) Concurrent Scan Root Regions 0.720ms
[2020-10-21T19:38:40.075+0800][gc,marking   ] GC(2) Concurrent Mark (2.101s)
[2020-10-21T19:38:40.075+0800][gc,marking   ] GC(2) Concurrent Mark From Roots
[2020-10-21T19:38:40.075+0800][gc,task      ] GC(2) Using 2 workers of 2 for marking
[2020-10-21T19:38:40.080+0800][gc,marking   ] GC(2) Concurrent Mark From Roots 4.592ms
[2020-10-21T19:38:40.080+0800][gc,marking   ] GC(2) Concurrent Preclean
[2020-10-21T19:38:40.080+0800][gc,marking   ] GC(2) Concurrent Preclean 0.127ms
[2020-10-21T19:38:40.080+0800][gc,marking   ] GC(2) Concurrent Mark (2.101s, 2.106s) 4.753ms
[2020-10-21T19:38:40.080+0800][gc,start     ] GC(2) Pause Remark
[2020-10-21T19:38:40.083+0800][gc,stringtable] GC(2) Cleaned string and symbol table, strings: 4915 processed, 0 removed, symbols: 51443 processed, 46 removed
[2020-10-21T19:38:40.083+0800][gc            ] GC(2) Pause Remark 8M->8M(1024M) 3.322ms
[2020-10-21T19:38:40.083+0800][gc,cpu        ] GC(2) User=0.03s Sys=0.00s Real=0.01s
[2020-10-21T19:38:40.083+0800][gc,marking    ] GC(2) Concurrent Rebuild Remembered Sets
[2020-10-21T19:38:40.086+0800][gc,marking    ] GC(2) Concurrent Rebuild Remembered Sets 2.816ms
[2020-10-21T19:38:40.086+0800][gc,start      ] GC(2) Pause Cleanup
[2020-10-21T19:38:40.086+0800][gc            ] GC(2) Pause Cleanup 8M->8M(1024M) 0.206ms
[2020-10-21T19:38:40.086+0800][gc,cpu        ] GC(2) User=0.00s Sys=0.00s Real=0.00s
[2020-10-21T19:38:40.086+0800][gc,marking    ] GC(2) Concurrent Cleanup for Next Mark
[2020-10-21T19:38:40.090+0800][gc,marking    ] GC(2) Concurrent Cleanup for Next Mark 3.561ms
[2020-10-21T19:38:40.090+0800][gc            ] GC(2) Concurrent Cycle 15.793ms
[2020-10-21T19:38:41.071+0800][gc,start      ] GC(3) Pause Young (Normal) (G1 Evacuation Pause)
[2020-10-21T19:38:41.071+0800][gc,task       ] GC(3) Using 8 workers of 8 for evacuation
[2020-10-21T19:38:41.090+0800][gc,phases     ] GC(3)   Pre Evacuate Collection Set: 0.1ms
[2020-10-21T19:38:41.090+0800][gc,phases     ] GC(3)   Evacuate Collection Set: 16.7ms
[2020-10-21T19:38:41.090+0800][gc,phases     ] GC(3)   Post Evacuate Collection Set: 1.3ms
[2020-10-21T19:38:41.090+0800][gc,phases     ] GC(3)   Other: 0.5ms
[2020-10-21T19:38:41.090+0800][gc,heap       ] GC(3) Eden regions: 49->0(46)
[2020-10-21T19:38:41.090+0800][gc,heap       ] GC(3) Survivor regions: 2->5(7)
[2020-10-21T19:38:41.090+0800][gc,heap       ] GC(3) Old regions: 9->9
[2020-10-21T19:38:41.090+0800][gc,heap       ] GC(3) Humongous regions: 129->129
[2020-10-21T19:38:41.090+0800][gc,metaspace  ] GC(3) Metaspace: 28721K->28721K(1075200K)
[2020-10-21T19:38:41.090+0800][gc            ] GC(3) Pause Young (Normal) (G1 Evacuation Pause) 185M->140M(1024M) 18.762ms
[2020-10-21T19:38:41.090+0800][gc,cpu        ] GC(3) User=0.09s Sys=0.00s Real=0.02s
[2020-10-21T19:38:41.709+0800][gc,start      ] GC(4) Pause Young (Concurrent Start) (Metadata GC Threshold)
[2020-10-21T19:38:41.709+0800][gc,task       ] GC(4) Using 8 workers of 8 for evacuation
[2020-10-21T19:38:41.715+0800][gc,phases     ] GC(4)   Pre Evacuate Collection Set: 0.1ms
[2020-10-21T19:38:41.715+0800][gc,phases     ] GC(4)   Evacuate Collection Set: 5.0ms
[2020-10-21T19:38:41.715+0800][gc,phases     ] GC(4)   Post Evacuate Collection Set: 0.4ms
[2020-10-21T19:38:41.715+0800][gc,phases     ] GC(4)   Other: 0.2ms
[2020-10-21T19:38:41.715+0800][gc,heap       ] GC(4) Eden regions: 29->0(48)
[2020-10-21T19:38:41.715+0800][gc,heap       ] GC(4) Survivor regions: 5->3(7)
[2020-10-21T19:38:41.715+0800][gc,heap       ] GC(4) Old regions: 9->13
[2020-10-21T19:38:41.715+0800][gc,heap       ] GC(4) Humongous regions: 129->129
[2020-10-21T19:38:41.715+0800][gc,metaspace  ] GC(4) Metaspace: 34564K->34564K(1081344K)
[2020-10-21T19:38:41.715+0800][gc            ] GC(4) Pause Young (Concurrent Start) (Metadata GC Threshold) 169M->142M(1024M) 5.715ms
[2020-10-21T19:38:41.715+0800][gc,cpu        ] GC(4) User=0.02s Sys=0.01s Real=0.00s
[2020-10-21T19:38:41.715+0800][gc            ] GC(5) Concurrent Cycle
[2020-10-21T19:38:41.715+0800][gc,marking    ] GC(5) Concurrent Clear Claimed Marks
[2020-10-21T19:38:41.715+0800][gc,marking    ] GC(5) Concurrent Clear Claimed Marks 0.032ms
[2020-10-21T19:38:41.715+0800][gc,marking    ] GC(5) Concurrent Scan Root Regions
[2020-10-21T19:38:41.716+0800][gc,marking    ] GC(5) Concurrent Scan Root Regions 0.943ms
[2020-10-21T19:38:41.716+0800][gc,marking    ] GC(5) Concurrent Mark (3.742s)
[2020-10-21T19:38:41.716+0800][gc,marking    ] GC(5) Concurrent Mark From Roots
[2020-10-21T19:38:41.716+0800][gc,task       ] GC(5) Using 2 workers of 2 for marking
[2020-10-21T19:38:41.728+0800][gc,marking    ] GC(5) Concurrent Mark From Roots 12.296ms
[2020-10-21T19:38:41.728+0800][gc,marking    ] GC(5) Concurrent Preclean
[2020-10-21T19:38:41.729+0800][gc,marking    ] GC(5) Concurrent Preclean 0.222ms
[2020-10-21T19:38:41.729+0800][gc,marking    ] GC(5) Concurrent Mark (3.742s, 3.755s) 12.571ms
[2020-10-21T19:38:41.729+0800][gc,start      ] GC(5) Pause Remark
[2020-10-21T19:38:41.731+0800][gc,stringtable] GC(5) Cleaned string and symbol table, strings: 10877 processed, 9 removed, symbols: 81371 processed, 13 removed
[2020-10-21T19:38:41.732+0800][gc            ] GC(5) Pause Remark 143M->143M(1024M) 2.741ms
[2020-10-21T19:38:41.732+0800][gc,cpu        ] GC(5) User=0.01s Sys=0.00s Real=0.00s
[2020-10-21T19:38:41.732+0800][gc,marking    ] GC(5) Concurrent Rebuild Remembered Sets
[2020-10-21T19:38:41.739+0800][gc,marking    ] GC(5) Concurrent Rebuild Remembered Sets 7.374ms
[2020-10-21T19:38:41.739+0800][gc,start      ] GC(5) Pause Cleanup
[2020-10-21T19:38:41.739+0800][gc            ] GC(5) Pause Cleanup 143M->143M(1024M) 0.210ms
[2020-10-21T19:38:41.739+0800][gc,cpu        ] GC(5) User=0.00s Sys=0.00s Real=0.00s
[2020-10-21T19:38:41.739+0800][gc,marking    ] GC(5) Concurrent Cleanup for Next Mark
[2020-10-21T19:38:41.744+0800][gc,marking    ] GC(5) Concurrent Cleanup for Next Mark 4.145ms
[2020-10-21T19:38:41.744+0800][gc            ] GC(5) Concurrent Cycle 28.511ms
[2020-10-21T19:53:55.842+0800][gc,start      ] GC(6) Pause Young (Normal) (G1 Evacuation Pause)
[2020-10-21T19:53:55.842+0800][gc,task       ] GC(6) Using 8 workers of 8 for evacuation
[2020-10-21T19:53:55.850+0800][gc,phases     ] GC(6)   Pre Evacuate Collection Set: 0.1ms
[2020-10-21T19:53:55.850+0800][gc,phases     ] GC(6)   Evacuate Collection Set: 7.4ms
[2020-10-21T19:53:55.850+0800][gc,phases     ] GC(6)   Post Evacuate Collection Set: 0.6ms
[2020-10-21T19:53:55.850+0800][gc,phases     ] GC(6)   Other: 0.5ms
[2020-10-21T19:53:55.850+0800][gc,heap       ] GC(6) Eden regions: 48->0(46)
[2020-10-21T19:53:55.850+0800][gc,heap       ] GC(6) Survivor regions: 3->5(7)
[2020-10-21T19:53:55.850+0800][gc,heap       ] GC(6) Old regions: 13->13
[2020-10-21T19:53:55.850+0800][gc,heap       ] GC(6) Humongous regions: 135->129
[2020-10-21T19:53:55.850+0800][gc,metaspace  ] GC(6) Metaspace: 38269K->38269K(1083392K)
[2020-10-21T19:53:55.850+0800][gc            ] GC(6) Pause Young (Normal) (G1 Evacuation Pause) 196M->144M(1024M) 8.571ms
[2020-10-21T19:53:55.850+0800][gc,cpu        ] GC(6) User=0.06s Sys=0.00s Real=0.01s
[2020-10-21T20:07:44.782+0800][gc,start      ] GC(7) Pause Young (Normal) (G1 Evacuation Pause)
[2020-10-21T20:07:44.782+0800][gc,task       ] GC(7) Using 8 workers of 8 for evacuation
[2020-10-21T20:07:44.799+0800][gc,phases     ] GC(7)   Pre Evacuate Collection Set: 0.1ms
[2020-10-21T20:07:44.799+0800][gc,phases     ] GC(7)   Evacuate Collection Set: 12.6ms
[2020-10-21T20:07:44.799+0800][gc,phases     ] GC(7)   Post Evacuate Collection Set: 4.2ms
[2020-10-21T20:07:44.800+0800][gc,phases     ] GC(7)   Other: 0.6ms
[2020-10-21T20:07:44.800+0800][gc,heap       ] GC(7) Eden regions: 46->0(48)
[2020-10-21T20:07:44.800+0800][gc,heap       ] GC(7) Survivor regions: 5->3(7)
[2020-10-21T20:07:44.800+0800][gc,heap       ] GC(7) Old regions: 13->15
[2020-10-21T20:07:44.800+0800][gc,heap       ] GC(7) Humongous regions: 129->129
[2020-10-21T20:07:44.800+0800][gc,metaspace  ] GC(7) Metaspace: 38409K->38409K(1085440K)
[2020-10-21T20:07:44.800+0800][gc            ] GC(7) Pause Young (Normal) (G1 Evacuation Pause) 190M->144M(1024M) 17.581ms
[2020-10-21T20:07:44.800+0800][gc,cpu        ] GC(7) User=0.11s Sys=0.01s Real=0.01s
[2020-10-21T20:30:29.683+0800][gc,start      ] GC(8) Pause Young (Normal) (G1 Evacuation Pause)
[2020-10-21T20:30:29.683+0800][gc,task       ] GC(8) Using 8 workers of 8 for evacuation
[2020-10-21T20:30:29.690+0800][gc,phases     ] GC(8)   Pre Evacuate Collection Set: 0.1ms
[2020-10-21T20:30:29.690+0800][gc,phases     ] GC(8)   Evacuate Collection Set: 5.7ms
[2020-10-21T20:30:29.690+0800][gc,phases     ] GC(8)   Post Evacuate Collection Set: 0.6ms
[2020-10-21T20:30:29.690+0800][gc,phases     ] GC(8)   Other: 0.5ms
[2020-10-21T20:30:29.690+0800][gc,heap       ] GC(8) Eden regions: 48->0(48)
[2020-10-21T20:30:29.690+0800][gc,heap       ] GC(8) Survivor regions: 3->3(7)
[2020-10-21T20:30:29.690+0800][gc,heap       ] GC(8) Old regions: 15->15
[2020-10-21T20:30:29.690+0800][gc,heap       ] GC(8) Humongous regions: 129->129
[2020-10-21T20:30:29.690+0800][gc,metaspace  ] GC(8) Metaspace: 38543K->38543K(1085440K)
[2020-10-21T20:30:29.690+0800][gc            ] GC(8) Pause Young (Normal) (G1 Evacuation Pause) 192M->144M(1024M) 6.898ms
[2020-10-21T20:30:29.690+0800][gc,cpu        ] GC(8) User=0.05s Sys=0.00s Real=0.01s
[2020-10-21T20:33:00.178+0800][gc,heap,exit  ] Heap
[2020-10-21T20:33:00.178+0800][gc,heap,exit  ]  garbage-first heap   total 1048576K, used 159721K [0x00000000c0000000, 0x0000000100000000)
[2020-10-21T20:33:00.178+0800][gc,heap,exit  ]   region size 1024K, 15 young (15360K), 3 survivors (3072K)
[2020-10-21T20:33:00.178+0800][gc,heap,exit  ]  Metaspace       used 39181K, capacity 41101K, committed 41216K, reserved 1085440K
[2020-10-21T20:33:00.178+0800][gc,heap,exit  ]   class space    used 4675K, capacity 5589K, committed 5632K, reserved 1048576K
