[2020-10-21T19:16:05.713+0800][gc,heap] Heap region size: 1M
[2020-10-21T19:16:05.734+0800][gc     ] Using G1
[2020-10-21T19:16:05.734+0800][gc,heap,coops] Heap address: 0x00000000c0000000, size: 1024 MB, Compressed Oops mode: 32-bit
[2020-10-21T19:16:05.735+0800][gc,cds       ] Mark closed archive regions in map: [0x00000000fff00000, 0x00000000fff69ff8]
[2020-10-21T19:16:05.735+0800][gc,cds       ] Mark open archive regions in map: [0x00000000ffe00000, 0x00000000ffe46ff8]
[2020-10-21T19:16:07.364+0800][gc,start     ] GC(0) Pause Young (Normal) (G1 Evacuation Pause)
[2020-10-21T19:16:07.365+0800][gc,task      ] GC(0) Using 8 workers of 8 for evacuation
[2020-10-21T19:16:07.375+0800][gc,phases    ] GC(0)   Pre Evacuate Collection Set: 0.0ms
[2020-10-21T19:16:07.375+0800][gc,phases    ] GC(0)   Evacuate Collection Set: 9.4ms
[2020-10-21T19:16:07.375+0800][gc,phases    ] GC(0)   Post Evacuate Collection Set: 0.4ms
[2020-10-21T19:16:07.375+0800][gc,phases    ] GC(0)   Other: 1.1ms
[2020-10-21T19:16:07.375+0800][gc,heap      ] GC(0) Eden regions: 51->0(44)
[2020-10-21T19:16:07.375+0800][gc,heap      ] GC(0) Survivor regions: 0->7(7)
[2020-10-21T19:16:07.375+0800][gc,heap      ] GC(0) Old regions: 2->2
[2020-10-21T19:16:07.375+0800][gc,heap      ] GC(0) Humongous regions: 0->0
[2020-10-21T19:16:07.375+0800][gc,metaspace ] GC(0) Metaspace: 15513K->15513K(1062912K)
[2020-10-21T19:16:07.375+0800][gc           ] GC(0) Pause Young (Normal) (G1 Evacuation Pause) 51M->6M(1024M) 10.980ms
[2020-10-21T19:16:07.375+0800][gc,cpu       ] GC(0) User=0.06s Sys=0.01s Real=0.01s
[2020-10-21T19:16:07.571+0800][gc,start     ] GC(1) Pause Young (Concurrent Start) (Metadata GC Threshold)
[2020-10-21T19:16:07.571+0800][gc,task      ] GC(1) Using 8 workers of 8 for evacuation
[2020-10-21T19:16:07.581+0800][gc,phases    ] GC(1)   Pre Evacuate Collection Set: 0.0ms
[2020-10-21T19:16:07.581+0800][gc,phases    ] GC(1)   Evacuate Collection Set: 9.7ms
[2020-10-21T19:16:07.581+0800][gc,phases    ] GC(1)   Post Evacuate Collection Set: 0.3ms
[2020-10-21T19:16:07.581+0800][gc,phases    ] GC(1)   Other: 0.2ms
[2020-10-21T19:16:07.581+0800][gc,heap      ] GC(1) Eden regions: 21->0(49)
[2020-10-21T19:16:07.581+0800][gc,heap      ] GC(1) Survivor regions: 7->2(7)
[2020-10-21T19:16:07.581+0800][gc,heap      ] GC(1) Old regions: 2->9
[2020-10-21T19:16:07.581+0800][gc,heap      ] GC(1) Humongous regions: 0->0
[2020-10-21T19:16:07.581+0800][gc,metaspace ] GC(1) Metaspace: 20580K->20580K(1067008K)
[2020-10-21T19:16:07.581+0800][gc           ] GC(1) Pause Young (Concurrent Start) (Metadata GC Threshold) 27M->7M(1024M) 10.259ms
[2020-10-21T19:16:07.581+0800][gc,cpu       ] GC(1) User=0.06s Sys=0.01s Real=0.01s
[2020-10-21T19:16:07.581+0800][gc           ] GC(2) Concurrent Cycle
[2020-10-21T19:16:07.581+0800][gc,marking   ] GC(2) Concurrent Clear Claimed Marks
[2020-10-21T19:16:07.582+0800][gc,marking   ] GC(2) Concurrent Clear Claimed Marks 0.014ms
[2020-10-21T19:16:07.582+0800][gc,marking   ] GC(2) Concurrent Scan Root Regions
[2020-10-21T19:16:07.582+0800][gc,marking   ] GC(2) Concurrent Scan Root Regions 0.667ms
[2020-10-21T19:16:07.582+0800][gc,marking   ] GC(2) Concurrent Mark (1.879s)
[2020-10-21T19:16:07.582+0800][gc,marking   ] GC(2) Concurrent Mark From Roots
[2020-10-21T19:16:07.582+0800][gc,task      ] GC(2) Using 2 workers of 2 for marking
[2020-10-21T19:16:07.587+0800][gc,marking   ] GC(2) Concurrent Mark From Roots 4.843ms
[2020-10-21T19:16:07.587+0800][gc,marking   ] GC(2) Concurrent Preclean
[2020-10-21T19:16:07.587+0800][gc,marking   ] GC(2) Concurrent Preclean 0.106ms
[2020-10-21T19:16:07.587+0800][gc,marking   ] GC(2) Concurrent Mark (1.879s, 1.884s) 4.979ms
[2020-10-21T19:16:07.587+0800][gc,start     ] GC(2) Pause Remark
[2020-10-21T19:16:07.588+0800][gc,stringtable] GC(2) Cleaned string and symbol table, strings: 4903 processed, 0 removed, symbols: 51415 processed, 46 removed
[2020-10-21T19:16:07.589+0800][gc            ] GC(2) Pause Remark 8M->8M(1024M) 1.347ms
[2020-10-21T19:16:07.589+0800][gc,cpu        ] GC(2) User=0.01s Sys=0.00s Real=0.01s
[2020-10-21T19:16:07.589+0800][gc,marking    ] GC(2) Concurrent Rebuild Remembered Sets
[2020-10-21T19:16:07.591+0800][gc,marking    ] GC(2) Concurrent Rebuild Remembered Sets 2.519ms
[2020-10-21T19:16:07.591+0800][gc,start      ] GC(2) Pause Cleanup
[2020-10-21T19:16:07.591+0800][gc            ] GC(2) Pause Cleanup 8M->8M(1024M) 0.158ms
[2020-10-21T19:16:07.591+0800][gc,cpu        ] GC(2) User=0.00s Sys=0.00s Real=0.00s
[2020-10-21T19:16:07.592+0800][gc,marking    ] GC(2) Concurrent Cleanup for Next Mark
[2020-10-21T19:16:07.595+0800][gc,marking    ] GC(2) Concurrent Cleanup for Next Mark 3.874ms
[2020-10-21T19:16:07.595+0800][gc            ] GC(2) Concurrent Cycle 13.982ms
[2020-10-21T19:16:08.471+0800][gc,start      ] GC(3) Pause Young (Normal) (G1 Evacuation Pause)
[2020-10-21T19:16:08.471+0800][gc,task       ] GC(3) Using 8 workers of 8 for evacuation
[2020-10-21T19:16:08.476+0800][gc,phases     ] GC(3)   Pre Evacuate Collection Set: 0.0ms
[2020-10-21T19:16:08.476+0800][gc,phases     ] GC(3)   Evacuate Collection Set: 5.0ms
[2020-10-21T19:16:08.476+0800][gc,phases     ] GC(3)   Post Evacuate Collection Set: 0.4ms
[2020-10-21T19:16:08.476+0800][gc,phases     ] GC(3)   Other: 0.1ms
[2020-10-21T19:16:08.476+0800][gc,heap       ] GC(3) Eden regions: 49->0(46)
[2020-10-21T19:16:08.476+0800][gc,heap       ] GC(3) Survivor regions: 2->5(7)
[2020-10-21T19:16:08.476+0800][gc,heap       ] GC(3) Old regions: 9->9
[2020-10-21T19:16:08.476+0800][gc,heap       ] GC(3) Humongous regions: 129->129
[2020-10-21T19:16:08.476+0800][gc,metaspace  ] GC(3) Metaspace: 28778K->28778K(1075200K)
[2020-10-21T19:16:08.477+0800][gc            ] GC(3) Pause Young (Normal) (G1 Evacuation Pause) 185M->140M(1024M) 5.603ms
[2020-10-21T19:16:08.477+0800][gc,cpu        ] GC(3) User=0.05s Sys=0.00s Real=0.00s
[2020-10-21T19:16:12.564+0800][gc,heap,exit  ] Heap
[2020-10-21T19:16:12.564+0800][gc,heap,exit  ]  garbage-first heap   total 1048576K, used 152764K [0x00000000c0000000, 0x0000000100000000)
[2020-10-21T19:16:12.564+0800][gc,heap,exit  ]   region size 1024K, 15 young (15360K), 5 survivors (5120K)
[2020-10-21T19:16:12.564+0800][gc,heap,exit  ]  Metaspace       used 29657K, capacity 30666K, committed 30848K, reserved 1077248K
[2020-10-21T19:16:12.564+0800][gc,heap,exit  ]   class space    used 3507K, capacity 3933K, committed 3968K, reserved 1048576K
