[2020-10-21T19:15:21.966+0800][gc,heap] Heap region size: 1M
[2020-10-21T19:15:21.973+0800][gc     ] Using G1
[2020-10-21T19:15:21.973+0800][gc,heap,coops] Heap address: 0x00000000c0000000, size: 1024 MB, Compressed Oops mode: 32-bit
[2020-10-21T19:15:21.973+0800][gc,cds       ] Mark closed archive regions in map: [0x00000000fff00000, 0x00000000fff69ff8]
[2020-10-21T19:15:21.973+0800][gc,cds       ] Mark open archive regions in map: [0x00000000ffe00000, 0x00000000ffe46ff8]
[2020-10-21T19:15:24.149+0800][gc,start     ] GC(0) Pause Young (Normal) (G1 Evacuation Pause)
[2020-10-21T19:15:24.150+0800][gc,task      ] GC(0) Using 8 workers of 8 for evacuation
[2020-10-21T19:15:24.160+0800][gc,phases    ] GC(0)   Pre Evacuate Collection Set: 0.0ms
[2020-10-21T19:15:24.160+0800][gc,phases    ] GC(0)   Evacuate Collection Set: 9.5ms
[2020-10-21T19:15:24.160+0800][gc,phases    ] GC(0)   Post Evacuate Collection Set: 0.5ms
[2020-10-21T19:15:24.160+0800][gc,phases    ] GC(0)   Other: 1.4ms
[2020-10-21T19:15:24.160+0800][gc,heap      ] GC(0) Eden regions: 51->0(44)
[2020-10-21T19:15:24.160+0800][gc,heap      ] GC(0) Survivor regions: 0->7(7)
[2020-10-21T19:15:24.160+0800][gc,heap      ] GC(0) Old regions: 2->2
[2020-10-21T19:15:24.160+0800][gc,heap      ] GC(0) Humongous regions: 0->0
[2020-10-21T19:15:24.160+0800][gc,metaspace ] GC(0) Metaspace: 15524K->15524K(1062912K)
[2020-10-21T19:15:24.160+0800][gc           ] GC(0) Pause Young (Normal) (G1 Evacuation Pause) 51M->6M(1024M) 11.430ms
[2020-10-21T19:15:24.160+0800][gc,cpu       ] GC(0) User=0.06s Sys=0.02s Real=0.01s
[2020-10-21T19:15:24.357+0800][gc,start     ] GC(1) Pause Young (Concurrent Start) (Metadata GC Threshold)
[2020-10-21T19:15:24.357+0800][gc,task      ] GC(1) Using 8 workers of 8 for evacuation
[2020-10-21T19:15:24.365+0800][gc,phases    ] GC(1)   Pre Evacuate Collection Set: 0.0ms
[2020-10-21T19:15:24.365+0800][gc,phases    ] GC(1)   Evacuate Collection Set: 8.3ms
[2020-10-21T19:15:24.365+0800][gc,phases    ] GC(1)   Post Evacuate Collection Set: 0.4ms
[2020-10-21T19:15:24.365+0800][gc,phases    ] GC(1)   Other: 0.2ms
[2020-10-21T19:15:24.365+0800][gc,heap      ] GC(1) Eden regions: 21->0(50)
[2020-10-21T19:15:24.365+0800][gc,heap      ] GC(1) Survivor regions: 7->1(7)
[2020-10-21T19:15:24.365+0800][gc,heap      ] GC(1) Old regions: 2->9
[2020-10-21T19:15:24.365+0800][gc,heap      ] GC(1) Humongous regions: 0->0
[2020-10-21T19:15:24.365+0800][gc,metaspace ] GC(1) Metaspace: 20590K->20590K(1067008K)
[2020-10-21T19:15:24.365+0800][gc           ] GC(1) Pause Young (Concurrent Start) (Metadata GC Threshold) 27M->7M(1024M) 8.950ms
[2020-10-21T19:15:24.365+0800][gc,cpu       ] GC(1) User=0.05s Sys=0.00s Real=0.01s
[2020-10-21T19:15:24.366+0800][gc           ] GC(2) Concurrent Cycle
[2020-10-21T19:15:24.366+0800][gc,marking   ] GC(2) Concurrent Clear Claimed Marks
[2020-10-21T19:15:24.366+0800][gc,marking   ] GC(2) Concurrent Clear Claimed Marks 0.037ms
[2020-10-21T19:15:24.366+0800][gc,marking   ] GC(2) Concurrent Scan Root Regions
[2020-10-21T19:15:24.366+0800][gc,marking   ] GC(2) Concurrent Scan Root Regions 0.838ms
[2020-10-21T19:15:24.366+0800][gc,marking   ] GC(2) Concurrent Mark (2.403s)
[2020-10-21T19:15:24.366+0800][gc,marking   ] GC(2) Concurrent Mark From Roots
[2020-10-21T19:15:24.367+0800][gc,task      ] GC(2) Using 2 workers of 2 for marking
[2020-10-21T19:15:24.371+0800][gc,marking   ] GC(2) Concurrent Mark From Roots 4.631ms
[2020-10-21T19:15:24.371+0800][gc,marking   ] GC(2) Concurrent Preclean
[2020-10-21T19:15:24.371+0800][gc,marking   ] GC(2) Concurrent Preclean 0.133ms
[2020-10-21T19:15:24.371+0800][gc,marking   ] GC(2) Concurrent Mark (2.403s, 2.408s) 4.808ms
[2020-10-21T19:15:24.371+0800][gc,start     ] GC(2) Pause Remark
[2020-10-21T19:15:24.373+0800][gc,stringtable] GC(2) Cleaned string and symbol table, strings: 4905 processed, 0 removed, symbols: 51428 processed, 46 removed
[2020-10-21T19:15:24.373+0800][gc            ] GC(2) Pause Remark 8M->8M(1024M) 1.923ms
[2020-10-21T19:15:24.373+0800][gc,cpu        ] GC(2) User=0.00s Sys=0.00s Real=0.00s
[2020-10-21T19:15:24.373+0800][gc,marking    ] GC(2) Concurrent Rebuild Remembered Sets
[2020-10-21T19:15:24.377+0800][gc,marking    ] GC(2) Concurrent Rebuild Remembered Sets 3.280ms
[2020-10-21T19:15:24.377+0800][gc,start      ] GC(2) Pause Cleanup
[2020-10-21T19:15:24.377+0800][gc            ] GC(2) Pause Cleanup 8M->8M(1024M) 0.186ms
[2020-10-21T19:15:24.377+0800][gc,cpu        ] GC(2) User=0.00s Sys=0.00s Real=0.00s
[2020-10-21T19:15:24.377+0800][gc,marking    ] GC(2) Concurrent Cleanup for Next Mark
[2020-10-21T19:15:24.381+0800][gc,marking    ] GC(2) Concurrent Cleanup for Next Mark 3.732ms
[2020-10-21T19:15:24.381+0800][gc            ] GC(2) Concurrent Cycle 15.353ms
[2020-10-21T19:15:28.739+0800][gc,start      ] GC(3) Pause Young (Normal) (G1 Evacuation Pause)
[2020-10-21T19:15:28.739+0800][gc,task       ] GC(3) Using 8 workers of 8 for evacuation
[2020-10-21T19:15:28.743+0800][gc,phases     ] GC(3)   Pre Evacuate Collection Set: 0.0ms
[2020-10-21T19:15:28.743+0800][gc,phases     ] GC(3)   Evacuate Collection Set: 3.4ms
[2020-10-21T19:15:28.743+0800][gc,phases     ] GC(3)   Post Evacuate Collection Set: 0.4ms
[2020-10-21T19:15:28.743+0800][gc,phases     ] GC(3)   Other: 0.1ms
[2020-10-21T19:15:28.743+0800][gc,heap       ] GC(3) Eden regions: 50->0(46)
[2020-10-21T19:15:28.743+0800][gc,heap       ] GC(3) Survivor regions: 1->5(7)
[2020-10-21T19:15:28.743+0800][gc,heap       ] GC(3) Old regions: 9->9
[2020-10-21T19:15:28.743+0800][gc,heap       ] GC(3) Humongous regions: 129->129
[2020-10-21T19:15:28.743+0800][gc,metaspace  ] GC(3) Metaspace: 28389K->28389K(1075200K)
[2020-10-21T19:15:28.743+0800][gc            ] GC(3) Pause Young (Normal) (G1 Evacuation Pause) 186M->140M(1024M) 3.972ms
[2020-10-21T19:15:28.743+0800][gc,cpu        ] GC(3) User=0.03s Sys=0.00s Real=0.01s
[2020-10-21T19:15:33.351+0800][gc,heap,exit  ] Heap
[2020-10-21T19:15:33.351+0800][gc,heap,exit  ]  garbage-first heap   total 1048576K, used 153765K [0x00000000c0000000, 0x0000000100000000)
[2020-10-21T19:15:33.351+0800][gc,heap,exit  ]   region size 1024K, 17 young (17408K), 5 survivors (5120K)
[2020-10-21T19:15:33.351+0800][gc,heap,exit  ]  Metaspace       used 29863K, capacity 30899K, committed 31232K, reserved 1077248K
[2020-10-21T19:15:33.351+0800][gc,heap,exit  ]   class space    used 3514K, capacity 3972K, committed 4096K, reserved 1048576K
