[2020-10-21T19:04:51.348+0800][gc,heap] Heap region size: 1M
[2020-10-21T19:04:51.355+0800][gc     ] Using G1
[2020-10-21T19:04:51.355+0800][gc,heap,coops] Heap address: 0x00000000c0000000, size: 1024 MB, Compressed Oops mode: 32-bit
[2020-10-21T19:04:51.356+0800][gc,cds       ] Mark closed archive regions in map: [0x00000000fff00000, 0x00000000fff69ff8]
[2020-10-21T19:04:51.356+0800][gc,cds       ] Mark open archive regions in map: [0x00000000ffe00000, 0x00000000ffe46ff8]
[2020-10-21T19:04:52.964+0800][gc,start     ] GC(0) Pause Young (Normal) (G1 Evacuation Pause)
[2020-10-21T19:04:52.965+0800][gc,task      ] GC(0) Using 8 workers of 8 for evacuation
[2020-10-21T19:04:52.974+0800][gc,phases    ] GC(0)   Pre Evacuate Collection Set: 0.0ms
[2020-10-21T19:04:52.974+0800][gc,phases    ] GC(0)   Evacuate Collection Set: 8.3ms
[2020-10-21T19:04:52.974+0800][gc,phases    ] GC(0)   Post Evacuate Collection Set: 0.5ms
[2020-10-21T19:04:52.974+0800][gc,phases    ] GC(0)   Other: 1.1ms
[2020-10-21T19:04:52.974+0800][gc,heap      ] GC(0) Eden regions: 51->0(44)
[2020-10-21T19:04:52.974+0800][gc,heap      ] GC(0) Survivor regions: 0->7(7)
[2020-10-21T19:04:52.974+0800][gc,heap      ] GC(0) Old regions: 2->2
[2020-10-21T19:04:52.974+0800][gc,heap      ] GC(0) Humongous regions: 0->0
[2020-10-21T19:04:52.974+0800][gc,metaspace ] GC(0) Metaspace: 15527K->15527K(1062912K)
[2020-10-21T19:04:52.974+0800][gc           ] GC(0) Pause Young (Normal) (G1 Evacuation Pause) 51M->7M(1024M) 9.888ms
[2020-10-21T19:04:52.974+0800][gc,cpu       ] GC(0) User=0.06s Sys=0.00s Real=0.01s
[2020-10-21T19:04:53.168+0800][gc,start     ] GC(1) Pause Young (Concurrent Start) (Metadata GC Threshold)
[2020-10-21T19:04:53.168+0800][gc,task      ] GC(1) Using 8 workers of 8 for evacuation
[2020-10-21T19:04:53.176+0800][gc,phases    ] GC(1)   Pre Evacuate Collection Set: 0.0ms
[2020-10-21T19:04:53.176+0800][gc,phases    ] GC(1)   Evacuate Collection Set: 7.2ms
[2020-10-21T19:04:53.176+0800][gc,phases    ] GC(1)   Post Evacuate Collection Set: 0.4ms
[2020-10-21T19:04:53.176+0800][gc,phases    ] GC(1)   Other: 0.2ms
[2020-10-21T19:04:53.176+0800][gc,heap      ] GC(1) Eden regions: 20->0(49)
[2020-10-21T19:04:53.176+0800][gc,heap      ] GC(1) Survivor regions: 7->2(7)
[2020-10-21T19:04:53.176+0800][gc,heap      ] GC(1) Old regions: 2->9
[2020-10-21T19:04:53.176+0800][gc,heap      ] GC(1) Humongous regions: 0->0
[2020-10-21T19:04:53.176+0800][gc,metaspace ] GC(1) Metaspace: 20579K->20579K(1067008K)
[2020-10-21T19:04:53.176+0800][gc           ] GC(1) Pause Young (Concurrent Start) (Metadata GC Threshold) 26M->7M(1024M) 7.791ms
[2020-10-21T19:04:53.176+0800][gc,cpu       ] GC(1) User=0.05s Sys=0.00s Real=0.00s
[2020-10-21T19:04:53.176+0800][gc           ] GC(2) Concurrent Cycle
[2020-10-21T19:04:53.176+0800][gc,marking   ] GC(2) Concurrent Clear Claimed Marks
[2020-10-21T19:04:53.176+0800][gc,marking   ] GC(2) Concurrent Clear Claimed Marks 0.014ms
[2020-10-21T19:04:53.176+0800][gc,marking   ] GC(2) Concurrent Scan Root Regions
[2020-10-21T19:04:53.177+0800][gc,marking   ] GC(2) Concurrent Scan Root Regions 1.046ms
[2020-10-21T19:04:53.177+0800][gc,marking   ] GC(2) Concurrent Mark (1.832s)
[2020-10-21T19:04:53.177+0800][gc,marking   ] GC(2) Concurrent Mark From Roots
[2020-10-21T19:04:53.177+0800][gc,task      ] GC(2) Using 2 workers of 2 for marking
[2020-10-21T19:04:53.182+0800][gc,marking   ] GC(2) Concurrent Mark From Roots 4.568ms
[2020-10-21T19:04:53.182+0800][gc,marking   ] GC(2) Concurrent Preclean
[2020-10-21T19:04:53.182+0800][gc,marking   ] GC(2) Concurrent Preclean 0.130ms
[2020-10-21T19:04:53.182+0800][gc,marking   ] GC(2) Concurrent Mark (1.832s, 1.837s) 4.742ms
[2020-10-21T19:04:53.182+0800][gc,start     ] GC(2) Pause Remark
[2020-10-21T19:04:53.183+0800][gc,stringtable] GC(2) Cleaned string and symbol table, strings: 4903 processed, 0 removed, symbols: 51414 processed, 46 removed
[2020-10-21T19:04:53.184+0800][gc            ] GC(2) Pause Remark 8M->8M(1024M) 1.430ms
[2020-10-21T19:04:53.184+0800][gc,cpu        ] GC(2) User=0.00s Sys=0.00s Real=0.00s
[2020-10-21T19:04:53.184+0800][gc,marking    ] GC(2) Concurrent Rebuild Remembered Sets
[2020-10-21T19:04:53.186+0800][gc,marking    ] GC(2) Concurrent Rebuild Remembered Sets 2.527ms
[2020-10-21T19:04:53.186+0800][gc,start      ] GC(2) Pause Cleanup
[2020-10-21T19:04:53.186+0800][gc            ] GC(2) Pause Cleanup 8M->8M(1024M) 0.170ms
[2020-10-21T19:04:53.186+0800][gc,cpu        ] GC(2) User=0.00s Sys=0.00s Real=0.00s
[2020-10-21T19:04:53.187+0800][gc,marking    ] GC(2) Concurrent Cleanup for Next Mark
[2020-10-21T19:04:53.190+0800][gc,marking    ] GC(2) Concurrent Cleanup for Next Mark 3.279ms
[2020-10-21T19:04:53.190+0800][gc            ] GC(2) Concurrent Cycle 13.620ms
[2020-10-21T19:04:57.658+0800][gc,start      ] GC(3) Pause Young (Normal) (G1 Evacuation Pause)
[2020-10-21T19:04:57.658+0800][gc,task       ] GC(3) Using 8 workers of 8 for evacuation
[2020-10-21T19:04:57.663+0800][gc,phases     ] GC(3)   Pre Evacuate Collection Set: 0.0ms
[2020-10-21T19:04:57.663+0800][gc,phases     ] GC(3)   Evacuate Collection Set: 4.7ms
[2020-10-21T19:04:57.663+0800][gc,phases     ] GC(3)   Post Evacuate Collection Set: 0.4ms
[2020-10-21T19:04:57.663+0800][gc,phases     ] GC(3)   Other: 0.1ms
[2020-10-21T19:04:57.663+0800][gc,heap       ] GC(3) Eden regions: 49->0(46)
[2020-10-21T19:04:57.663+0800][gc,heap       ] GC(3) Survivor regions: 2->5(7)
[2020-10-21T19:04:57.663+0800][gc,heap       ] GC(3) Old regions: 9->9
[2020-10-21T19:04:57.663+0800][gc,heap       ] GC(3) Humongous regions: 129->129
[2020-10-21T19:04:57.663+0800][gc,metaspace  ] GC(3) Metaspace: 28217K->28217K(1075200K)
[2020-10-21T19:04:57.663+0800][gc            ] GC(3) Pause Young (Normal) (G1 Evacuation Pause) 185M->139M(1024M) 5.303ms
[2020-10-21T19:04:57.663+0800][gc,cpu        ] GC(3) User=0.03s Sys=0.00s Real=0.01s
[2020-10-21T19:05:02.156+0800][gc,heap,exit  ] Heap
[2020-10-21T19:05:02.156+0800][gc,heap,exit  ]  garbage-first heap   total 1048576K, used 154584K [0x00000000c0000000, 0x0000000100000000)
[2020-10-21T19:05:02.156+0800][gc,heap,exit  ]   region size 1024K, 18 young (18432K), 5 survivors (5120K)
[2020-10-21T19:05:02.156+0800][gc,heap,exit  ]  Metaspace       used 29869K, capacity 30911K, committed 31232K, reserved 1077248K
[2020-10-21T19:05:02.156+0800][gc,heap,exit  ]   class space    used 3513K, capacity 3972K, committed 4096K, reserved 1048576K
