[2020-10-21T18:46:07.676+0800][gc,heap] Heap region size: 1M
[2020-10-21T18:46:07.683+0800][gc     ] Using G1
[2020-10-21T18:46:07.683+0800][gc,heap,coops] Heap address: 0x00000000c0000000, size: 1024 MB, Compressed Oops mode: 32-bit
[2020-10-21T18:46:07.683+0800][gc,cds       ] Mark closed archive regions in map: [0x00000000fff00000, 0x00000000fff69ff8]
[2020-10-21T18:46:07.683+0800][gc,cds       ] Mark open archive regions in map: [0x00000000ffe00000, 0x00000000ffe46ff8]
[2020-10-21T18:46:09.195+0800][gc,start     ] GC(0) Pause Young (Normal) (G1 Evacuation Pause)
[2020-10-21T18:46:09.196+0800][gc,task      ] GC(0) Using 8 workers of 8 for evacuation
[2020-10-21T18:46:09.206+0800][gc,phases    ] GC(0)   Pre Evacuate Collection Set: 0.0ms
[2020-10-21T18:46:09.206+0800][gc,phases    ] GC(0)   Evacuate Collection Set: 9.5ms
[2020-10-21T18:46:09.206+0800][gc,phases    ] GC(0)   Post Evacuate Collection Set: 0.5ms
[2020-10-21T18:46:09.206+0800][gc,phases    ] GC(0)   Other: 1.1ms
[2020-10-21T18:46:09.206+0800][gc,heap      ] GC(0) Eden regions: 51->0(44)
[2020-10-21T18:46:09.206+0800][gc,heap      ] GC(0) Survivor regions: 0->7(7)
[2020-10-21T18:46:09.206+0800][gc,heap      ] GC(0) Old regions: 2->2
[2020-10-21T18:46:09.206+0800][gc,heap      ] GC(0) Humongous regions: 0->0
[2020-10-21T18:46:09.206+0800][gc,metaspace ] GC(0) Metaspace: 15520K->15520K(1062912K)
[2020-10-21T18:46:09.206+0800][gc           ] GC(0) Pause Young (Normal) (G1 Evacuation Pause) 51M->6M(1024M) 11.120ms
[2020-10-21T18:46:09.206+0800][gc,cpu       ] GC(0) User=0.08s Sys=0.00s Real=0.01s
[2020-10-21T18:46:09.403+0800][gc,start     ] GC(1) Pause Young (Concurrent Start) (Metadata GC Threshold)
[2020-10-21T18:46:09.403+0800][gc,task      ] GC(1) Using 8 workers of 8 for evacuation
[2020-10-21T18:46:09.411+0800][gc,phases    ] GC(1)   Pre Evacuate Collection Set: 0.0ms
[2020-10-21T18:46:09.411+0800][gc,phases    ] GC(1)   Evacuate Collection Set: 6.8ms
[2020-10-21T18:46:09.411+0800][gc,phases    ] GC(1)   Post Evacuate Collection Set: 0.3ms
[2020-10-21T18:46:09.411+0800][gc,phases    ] GC(1)   Other: 0.2ms
[2020-10-21T18:46:09.411+0800][gc,heap      ] GC(1) Eden regions: 21->0(49)
[2020-10-21T18:46:09.411+0800][gc,heap      ] GC(1) Survivor regions: 7->2(7)
[2020-10-21T18:46:09.411+0800][gc,heap      ] GC(1) Old regions: 2->9
[2020-10-21T18:46:09.411+0800][gc,heap      ] GC(1) Humongous regions: 0->0
[2020-10-21T18:46:09.411+0800][gc,metaspace ] GC(1) Metaspace: 20589K->20589K(1067008K)
[2020-10-21T18:46:09.411+0800][gc           ] GC(1) Pause Young (Concurrent Start) (Metadata GC Threshold) 27M->7M(1024M) 7.352ms
[2020-10-21T18:46:09.411+0800][gc,cpu       ] GC(1) User=0.03s Sys=0.01s Real=0.01s
[2020-10-21T18:46:09.411+0800][gc           ] GC(2) Concurrent Cycle
[2020-10-21T18:46:09.411+0800][gc,marking   ] GC(2) Concurrent Clear Claimed Marks
[2020-10-21T18:46:09.411+0800][gc,marking   ] GC(2) Concurrent Clear Claimed Marks 0.013ms
[2020-10-21T18:46:09.411+0800][gc,marking   ] GC(2) Concurrent Scan Root Regions
[2020-10-21T18:46:09.412+0800][gc,marking   ] GC(2) Concurrent Scan Root Regions 0.970ms
[2020-10-21T18:46:09.412+0800][gc,marking   ] GC(2) Concurrent Mark (1.738s)
[2020-10-21T18:46:09.412+0800][gc,marking   ] GC(2) Concurrent Mark From Roots
[2020-10-21T18:46:09.412+0800][gc,task      ] GC(2) Using 2 workers of 2 for marking
[2020-10-21T18:46:09.417+0800][gc,marking   ] GC(2) Concurrent Mark From Roots 4.863ms
[2020-10-21T18:46:09.417+0800][gc,marking   ] GC(2) Concurrent Preclean
[2020-10-21T18:46:09.417+0800][gc,marking   ] GC(2) Concurrent Preclean 0.122ms
[2020-10-21T18:46:09.417+0800][gc,marking   ] GC(2) Concurrent Mark (1.738s, 1.743s) 5.042ms
[2020-10-21T18:46:09.417+0800][gc,start     ] GC(2) Pause Remark
[2020-10-21T18:46:09.418+0800][gc,stringtable] GC(2) Cleaned string and symbol table, strings: 4904 processed, 0 removed, symbols: 51427 processed, 46 removed
[2020-10-21T18:46:09.418+0800][gc            ] GC(2) Pause Remark 8M->8M(1024M) 1.299ms
[2020-10-21T18:46:09.418+0800][gc,cpu        ] GC(2) User=0.01s Sys=0.00s Real=0.00s
[2020-10-21T18:46:09.418+0800][gc,marking    ] GC(2) Concurrent Rebuild Remembered Sets
[2020-10-21T18:46:09.421+0800][gc,marking    ] GC(2) Concurrent Rebuild Remembered Sets 2.470ms
[2020-10-21T18:46:09.421+0800][gc,start      ] GC(2) Pause Cleanup
[2020-10-21T18:46:09.421+0800][gc            ] GC(2) Pause Cleanup 8M->8M(1024M) 0.178ms
[2020-10-21T18:46:09.421+0800][gc,cpu        ] GC(2) User=0.01s Sys=0.00s Real=0.00s
[2020-10-21T18:46:09.421+0800][gc,marking    ] GC(2) Concurrent Cleanup for Next Mark
[2020-10-21T18:46:09.426+0800][gc,marking    ] GC(2) Concurrent Cleanup for Next Mark 5.148ms
[2020-10-21T18:46:09.426+0800][gc            ] GC(2) Concurrent Cycle 15.570ms
[2020-10-21T18:46:13.567+0800][gc,start      ] GC(3) Pause Young (Normal) (G1 Evacuation Pause)
[2020-10-21T18:46:13.567+0800][gc,task       ] GC(3) Using 8 workers of 8 for evacuation
[2020-10-21T18:46:13.571+0800][gc,phases     ] GC(3)   Pre Evacuate Collection Set: 0.0ms
[2020-10-21T18:46:13.571+0800][gc,phases     ] GC(3)   Evacuate Collection Set: 3.7ms
[2020-10-21T18:46:13.571+0800][gc,phases     ] GC(3)   Post Evacuate Collection Set: 0.4ms
[2020-10-21T18:46:13.571+0800][gc,phases     ] GC(3)   Other: 0.2ms
[2020-10-21T18:46:13.571+0800][gc,heap       ] GC(3) Eden regions: 49->0(46)
[2020-10-21T18:46:13.571+0800][gc,heap       ] GC(3) Survivor regions: 2->5(7)
[2020-10-21T18:46:13.571+0800][gc,heap       ] GC(3) Old regions: 9->9
[2020-10-21T18:46:13.571+0800][gc,heap       ] GC(3) Humongous regions: 129->129
[2020-10-21T18:46:13.571+0800][gc,metaspace  ] GC(3) Metaspace: 28384K->28384K(1075200K)
[2020-10-21T18:46:13.571+0800][gc            ] GC(3) Pause Young (Normal) (G1 Evacuation Pause) 185M->139M(1024M) 4.332ms
[2020-10-21T18:46:13.571+0800][gc,cpu        ] GC(3) User=0.03s Sys=0.00s Real=0.01s
[2020-10-21T18:46:14.026+0800][gc,start      ] GC(4) Pause Young (Concurrent Start) (Metadata GC Threshold)
[2020-10-21T18:46:14.026+0800][gc,task       ] GC(4) Using 8 workers of 8 for evacuation
[2020-10-21T18:46:14.033+0800][gc,phases     ] GC(4)   Pre Evacuate Collection Set: 0.1ms
[2020-10-21T18:46:14.033+0800][gc,phases     ] GC(4)   Evacuate Collection Set: 6.7ms
[2020-10-21T18:46:14.033+0800][gc,phases     ] GC(4)   Post Evacuate Collection Set: 0.4ms
[2020-10-21T18:46:14.033+0800][gc,phases     ] GC(4)   Other: 0.2ms
[2020-10-21T18:46:14.033+0800][gc,heap       ] GC(4) Eden regions: 27->0(48)
[2020-10-21T18:46:14.033+0800][gc,heap       ] GC(4) Survivor regions: 5->3(7)
[2020-10-21T18:46:14.033+0800][gc,heap       ] GC(4) Old regions: 9->13
[2020-10-21T18:46:14.033+0800][gc,heap       ] GC(4) Humongous regions: 129->129
[2020-10-21T18:46:14.033+0800][gc,metaspace  ] GC(4) Metaspace: 34545K->34545K(1081344K)
[2020-10-21T18:46:14.033+0800][gc            ] GC(4) Pause Young (Concurrent Start) (Metadata GC Threshold) 166M->142M(1024M) 7.482ms
[2020-10-21T18:46:14.033+0800][gc,cpu        ] GC(4) User=0.05s Sys=0.00s Real=0.01s
[2020-10-21T18:46:14.033+0800][gc            ] GC(5) Concurrent Cycle
[2020-10-21T18:46:14.033+0800][gc,marking    ] GC(5) Concurrent Clear Claimed Marks
[2020-10-21T18:46:14.033+0800][gc,marking    ] GC(5) Concurrent Clear Claimed Marks 0.025ms
[2020-10-21T18:46:14.033+0800][gc,marking    ] GC(5) Concurrent Scan Root Regions
[2020-10-21T18:46:14.034+0800][gc,marking    ] GC(5) Concurrent Scan Root Regions 1.234ms
[2020-10-21T18:46:14.034+0800][gc,marking    ] GC(5) Concurrent Mark (6.361s)
[2020-10-21T18:46:14.034+0800][gc,marking    ] GC(5) Concurrent Mark From Roots
[2020-10-21T18:46:14.034+0800][gc,task       ] GC(5) Using 2 workers of 2 for marking
[2020-10-21T18:46:14.047+0800][gc,marking    ] GC(5) Concurrent Mark From Roots 12.666ms
[2020-10-21T18:46:14.047+0800][gc,marking    ] GC(5) Concurrent Preclean
[2020-10-21T18:46:14.047+0800][gc,marking    ] GC(5) Concurrent Preclean 0.203ms
[2020-10-21T18:46:14.047+0800][gc,marking    ] GC(5) Concurrent Mark (6.361s, 6.374s) 12.923ms
[2020-10-21T18:46:14.048+0800][gc,start      ] GC(5) Pause Remark
[2020-10-21T18:46:14.050+0800][gc,stringtable] GC(5) Cleaned string and symbol table, strings: 10589 processed, 9 removed, symbols: 81342 processed, 13 removed
[2020-10-21T18:46:14.050+0800][gc            ] GC(5) Pause Remark 143M->143M(1024M) 2.314ms
[2020-10-21T18:46:14.050+0800][gc,cpu        ] GC(5) User=0.01s Sys=0.00s Real=0.01s
[2020-10-21T18:46:14.050+0800][gc,marking    ] GC(5) Concurrent Rebuild Remembered Sets
[2020-10-21T18:46:14.057+0800][gc,marking    ] GC(5) Concurrent Rebuild Remembered Sets 6.800ms
[2020-10-21T18:46:14.057+0800][gc,start      ] GC(5) Pause Cleanup
[2020-10-21T18:46:14.057+0800][gc            ] GC(5) Pause Cleanup 144M->144M(1024M) 0.165ms
[2020-10-21T18:46:14.057+0800][gc,cpu        ] GC(5) User=0.00s Sys=0.00s Real=0.00s
[2020-10-21T18:46:14.057+0800][gc,marking    ] GC(5) Concurrent Cleanup for Next Mark
[2020-10-21T18:46:14.062+0800][gc,marking    ] GC(5) Concurrent Cleanup for Next Mark 4.736ms
[2020-10-21T18:46:14.062+0800][gc            ] GC(5) Concurrent Cycle 28.793ms
