[2020-10-21T18:55:23.704+0800][gc,heap] Heap region size: 1M
[2020-10-21T18:55:23.711+0800][gc     ] Using G1
[2020-10-21T18:55:23.711+0800][gc,heap,coops] Heap address: 0x00000000c0000000, size: 1024 MB, Compressed Oops mode: 32-bit
[2020-10-21T18:55:23.712+0800][gc,cds       ] Mark closed archive regions in map: [0x00000000fff00000, 0x00000000fff69ff8]
[2020-10-21T18:55:23.712+0800][gc,cds       ] Mark open archive regions in map: [0x00000000ffe00000, 0x00000000ffe46ff8]
[2020-10-21T18:55:25.420+0800][gc,start     ] GC(0) Pause Young (Normal) (G1 Evacuation Pause)
[2020-10-21T18:55:25.421+0800][gc,task      ] GC(0) Using 8 workers of 8 for evacuation
[2020-10-21T18:55:25.431+0800][gc,phases    ] GC(0)   Pre Evacuate Collection Set: 0.0ms
[2020-10-21T18:55:25.431+0800][gc,phases    ] GC(0)   Evacuate Collection Set: 9.6ms
[2020-10-21T18:55:25.431+0800][gc,phases    ] GC(0)   Post Evacuate Collection Set: 0.5ms
[2020-10-21T18:55:25.431+0800][gc,phases    ] GC(0)   Other: 1.3ms
[2020-10-21T18:55:25.431+0800][gc,heap      ] GC(0) Eden regions: 51->0(44)
[2020-10-21T18:55:25.431+0800][gc,heap      ] GC(0) Survivor regions: 0->7(7)
[2020-10-21T18:55:25.431+0800][gc,heap      ] GC(0) Old regions: 2->2
[2020-10-21T18:55:25.431+0800][gc,heap      ] GC(0) Humongous regions: 0->0
[2020-10-21T18:55:25.431+0800][gc,metaspace ] GC(0) Metaspace: 15512K->15512K(1062912K)
[2020-10-21T18:55:25.431+0800][gc           ] GC(0) Pause Young (Normal) (G1 Evacuation Pause) 51M->6M(1024M) 11.484ms
[2020-10-21T18:55:25.431+0800][gc,cpu       ] GC(0) User=0.07s Sys=0.00s Real=0.02s
[2020-10-21T18:55:25.622+0800][gc,start     ] GC(1) Pause Young (Concurrent Start) (Metadata GC Threshold)
[2020-10-21T18:55:25.622+0800][gc,task      ] GC(1) Using 8 workers of 8 for evacuation
[2020-10-21T18:55:25.630+0800][gc,phases    ] GC(1)   Pre Evacuate Collection Set: 0.0ms
[2020-10-21T18:55:25.630+0800][gc,phases    ] GC(1)   Evacuate Collection Set: 7.3ms
[2020-10-21T18:55:25.630+0800][gc,phases    ] GC(1)   Post Evacuate Collection Set: 0.5ms
[2020-10-21T18:55:25.630+0800][gc,phases    ] GC(1)   Other: 0.2ms
[2020-10-21T18:55:25.630+0800][gc,heap      ] GC(1) Eden regions: 20->0(49)
[2020-10-21T18:55:25.630+0800][gc,heap      ] GC(1) Survivor regions: 7->2(7)
[2020-10-21T18:55:25.630+0800][gc,heap      ] GC(1) Old regions: 2->9
[2020-10-21T18:55:25.630+0800][gc,heap      ] GC(1) Humongous regions: 0->0
[2020-10-21T18:55:25.630+0800][gc,metaspace ] GC(1) Metaspace: 20581K->20581K(1067008K)
[2020-10-21T18:55:25.630+0800][gc           ] GC(1) Pause Young (Concurrent Start) (Metadata GC Threshold) 26M->8M(1024M) 8.092ms
[2020-10-21T18:55:25.630+0800][gc,cpu       ] GC(1) User=0.04s Sys=0.01s Real=0.01s
[2020-10-21T18:55:25.630+0800][gc           ] GC(2) Concurrent Cycle
[2020-10-21T18:55:25.630+0800][gc,marking   ] GC(2) Concurrent Clear Claimed Marks
[2020-10-21T18:55:25.630+0800][gc,marking   ] GC(2) Concurrent Clear Claimed Marks 0.042ms
[2020-10-21T18:55:25.630+0800][gc,marking   ] GC(2) Concurrent Scan Root Regions
[2020-10-21T18:55:25.631+0800][gc,marking   ] GC(2) Concurrent Scan Root Regions 0.911ms
[2020-10-21T18:55:25.631+0800][gc,marking   ] GC(2) Concurrent Mark (1.929s)
[2020-10-21T18:55:25.631+0800][gc,marking   ] GC(2) Concurrent Mark From Roots
[2020-10-21T18:55:25.631+0800][gc,task      ] GC(2) Using 2 workers of 2 for marking
[2020-10-21T18:55:25.636+0800][gc,marking   ] GC(2) Concurrent Mark From Roots 5.009ms
[2020-10-21T18:55:25.636+0800][gc,marking   ] GC(2) Concurrent Preclean
[2020-10-21T18:55:25.636+0800][gc,marking   ] GC(2) Concurrent Preclean 0.098ms
[2020-10-21T18:55:25.636+0800][gc,marking   ] GC(2) Concurrent Mark (1.929s, 1.935s) 5.150ms
[2020-10-21T18:55:25.637+0800][gc,start     ] GC(2) Pause Remark
[2020-10-21T18:55:25.638+0800][gc,stringtable] GC(2) Cleaned string and symbol table, strings: 4903 processed, 0 removed, symbols: 51417 processed, 46 removed
[2020-10-21T18:55:25.638+0800][gc            ] GC(2) Pause Remark 8M->8M(1024M) 1.902ms
[2020-10-21T18:55:25.638+0800][gc,cpu        ] GC(2) User=0.01s Sys=0.00s Real=0.00s
[2020-10-21T18:55:25.639+0800][gc,marking    ] GC(2) Concurrent Rebuild Remembered Sets
[2020-10-21T18:55:25.641+0800][gc,marking    ] GC(2) Concurrent Rebuild Remembered Sets 2.475ms
[2020-10-21T18:55:25.641+0800][gc,start      ] GC(2) Pause Cleanup
[2020-10-21T18:55:25.641+0800][gc            ] GC(2) Pause Cleanup 8M->8M(1024M) 0.165ms
[2020-10-21T18:55:25.641+0800][gc,cpu        ] GC(2) User=0.00s Sys=0.00s Real=0.00s
[2020-10-21T18:55:25.641+0800][gc,marking    ] GC(2) Concurrent Cleanup for Next Mark
[2020-10-21T18:55:25.645+0800][gc,marking    ] GC(2) Concurrent Cleanup for Next Mark 3.325ms
[2020-10-21T18:55:25.645+0800][gc            ] GC(2) Concurrent Cycle 14.460ms
[2020-10-21T18:55:26.564+0800][gc,start      ] GC(3) Pause Young (Normal) (G1 Evacuation Pause)
[2020-10-21T18:55:26.565+0800][gc,task       ] GC(3) Using 8 workers of 8 for evacuation
[2020-10-21T18:55:26.568+0800][gc,phases     ] GC(3)   Pre Evacuate Collection Set: 0.0ms
[2020-10-21T18:55:26.568+0800][gc,phases     ] GC(3)   Evacuate Collection Set: 2.9ms
[2020-10-21T18:55:26.568+0800][gc,phases     ] GC(3)   Post Evacuate Collection Set: 0.5ms
[2020-10-21T18:55:26.568+0800][gc,phases     ] GC(3)   Other: 0.1ms
[2020-10-21T18:55:26.568+0800][gc,heap       ] GC(3) Eden regions: 49->0(46)
[2020-10-21T18:55:26.568+0800][gc,heap       ] GC(3) Survivor regions: 2->5(7)
[2020-10-21T18:55:26.568+0800][gc,heap       ] GC(3) Old regions: 9->9
[2020-10-21T18:55:26.568+0800][gc,heap       ] GC(3) Humongous regions: 129->129
[2020-10-21T18:55:26.568+0800][gc,metaspace  ] GC(3) Metaspace: 28777K->28777K(1075200K)
[2020-10-21T18:55:26.568+0800][gc            ] GC(3) Pause Young (Normal) (G1 Evacuation Pause) 186M->140M(1024M) 3.604ms
[2020-10-21T18:55:26.568+0800][gc,cpu        ] GC(3) User=0.02s Sys=0.00s Real=0.01s
[2020-10-21T18:55:27.029+0800][gc,start      ] GC(4) Pause Young (Concurrent Start) (Metadata GC Threshold)
[2020-10-21T18:55:27.029+0800][gc,task       ] GC(4) Using 8 workers of 8 for evacuation
[2020-10-21T18:55:27.038+0800][gc,phases     ] GC(4)   Pre Evacuate Collection Set: 0.1ms
[2020-10-21T18:55:27.038+0800][gc,phases     ] GC(4)   Evacuate Collection Set: 8.0ms
[2020-10-21T18:55:27.038+0800][gc,phases     ] GC(4)   Post Evacuate Collection Set: 0.5ms
[2020-10-21T18:55:27.038+0800][gc,phases     ] GC(4)   Other: 0.2ms
[2020-10-21T18:55:27.038+0800][gc,heap       ] GC(4) Eden regions: 26->0(49)
[2020-10-21T18:55:27.038+0800][gc,heap       ] GC(4) Survivor regions: 5->2(7)
[2020-10-21T18:55:27.038+0800][gc,heap       ] GC(4) Old regions: 9->13
[2020-10-21T18:55:27.038+0800][gc,heap       ] GC(4) Humongous regions: 129->129
[2020-10-21T18:55:27.038+0800][gc,metaspace  ] GC(4) Metaspace: 34500K->34500K(1081344K)
[2020-10-21T18:55:27.038+0800][gc            ] GC(4) Pause Young (Concurrent Start) (Metadata GC Threshold) 166M->142M(1024M) 8.819ms
[2020-10-21T18:55:27.038+0800][gc,cpu        ] GC(4) User=0.05s Sys=0.00s Real=0.00s
[2020-10-21T18:55:27.038+0800][gc            ] GC(5) Concurrent Cycle
[2020-10-21T18:55:27.038+0800][gc,marking    ] GC(5) Concurrent Clear Claimed Marks
[2020-10-21T18:55:27.038+0800][gc,marking    ] GC(5) Concurrent Clear Claimed Marks 0.074ms
[2020-10-21T18:55:27.038+0800][gc,marking    ] GC(5) Concurrent Scan Root Regions
[2020-10-21T18:55:27.040+0800][gc,marking    ] GC(5) Concurrent Scan Root Regions 1.515ms
[2020-10-21T18:55:27.040+0800][gc,marking    ] GC(5) Concurrent Mark (3.338s)
[2020-10-21T18:55:27.040+0800][gc,marking    ] GC(5) Concurrent Mark From Roots
[2020-10-21T18:55:27.040+0800][gc,task       ] GC(5) Using 2 workers of 2 for marking
[2020-10-21T18:55:27.054+0800][gc,marking    ] GC(5) Concurrent Mark From Roots 14.623ms
[2020-10-21T18:55:27.054+0800][gc,marking    ] GC(5) Concurrent Preclean
[2020-10-21T18:55:27.055+0800][gc,marking    ] GC(5) Concurrent Preclean 0.187ms
[2020-10-21T18:55:27.055+0800][gc,marking    ] GC(5) Concurrent Mark (3.338s, 3.353s) 14.872ms
[2020-10-21T18:55:27.055+0800][gc,start      ] GC(5) Pause Remark
[2020-10-21T18:55:27.058+0800][gc,stringtable] GC(5) Cleaned string and symbol table, strings: 10605 processed, 9 removed, symbols: 81340 processed, 13 removed
[2020-10-21T18:55:27.058+0800][gc            ] GC(5) Pause Remark 143M->143M(1024M) 3.324ms
[2020-10-21T18:55:27.058+0800][gc,cpu        ] GC(5) User=0.02s Sys=0.00s Real=0.00s
[2020-10-21T18:55:27.058+0800][gc,marking    ] GC(5) Concurrent Rebuild Remembered Sets
[2020-10-21T18:55:27.064+0800][gc,marking    ] GC(5) Concurrent Rebuild Remembered Sets 5.980ms
[2020-10-21T18:55:27.064+0800][gc,start      ] GC(5) Pause Cleanup
[2020-10-21T18:55:27.065+0800][gc            ] GC(5) Pause Cleanup 144M->144M(1024M) 0.206ms
[2020-10-21T18:55:27.065+0800][gc,cpu        ] GC(5) User=0.00s Sys=0.00s Real=0.00s
[2020-10-21T18:55:27.065+0800][gc,marking    ] GC(5) Concurrent Cleanup for Next Mark
[2020-10-21T18:55:27.069+0800][gc,marking    ] GC(5) Concurrent Cleanup for Next Mark 4.426ms
[2020-10-21T18:55:27.069+0800][gc            ] GC(5) Concurrent Cycle 31.050ms
