[2020-10-21T18:42:17.658+0800][gc,heap] Heap region size: 1M
[2020-10-21T18:42:17.675+0800][gc     ] Using G1
[2020-10-21T18:42:17.675+0800][gc,heap,coops] Heap address: 0x00000000e0000000, size: 512 MB, Compressed Oops mode: 32-bit
[2020-10-21T18:42:17.676+0800][gc,cds       ] Mark closed archive regions in map: [0x00000000fff00000, 0x00000000fff69ff8]
[2020-10-21T18:42:17.676+0800][gc,cds       ] Mark open archive regions in map: [0x00000000ffe00000, 0x00000000ffe46ff8]
[2020-10-21T18:42:17.982+0800][gc,heap,exit ] Heap
[2020-10-21T18:42:17.982+0800][gc,heap,exit ]  garbage-first heap   total 524288K, used 15044K [0x00000000e0000000, 0x0000000100000000)
[2020-10-21T18:42:17.982+0800][gc,heap,exit ]   region size 1024K, 15 young (15360K), 0 survivors (0K)
[2020-10-21T18:42:17.982+0800][gc,heap,exit ]  Metaspace       used 5862K, capacity 6149K, committed 6272K, reserved 1056768K
[2020-10-21T18:42:17.982+0800][gc,heap,exit ]   class space    used 672K, capacity 797K, committed 896K, reserved 1048576K
