[2020-10-21T18:55:23.707+0800][gc,heap] Heap region size: 1M
[2020-10-21T18:55:23.711+0800][gc     ] Using G1
[2020-10-21T18:55:23.711+0800][gc,heap,coops] Heap address: 0x00000000e0000000, size: 512 MB, Compressed Oops mode: 32-bit
[2020-10-21T18:55:23.712+0800][gc,cds       ] Mark closed archive regions in map: [0x00000000fff00000, 0x00000000fff69ff8]
[2020-10-21T18:55:23.712+0800][gc,cds       ] Mark open archive regions in map: [0x00000000ffe00000, 0x00000000ffe46ff8]
[2020-10-21T18:55:24.951+0800][gc,start     ] GC(0) Pause Young (Normal) (G1 Evacuation Pause)
[2020-10-21T18:55:24.954+0800][gc,task      ] GC(0) Using 8 workers of 8 for evacuation
[2020-10-21T18:55:24.984+0800][gc,mmu       ] GC(0) MMU target violated: 21.0ms (20.0ms/21.0ms)
[2020-10-21T18:55:24.984+0800][gc,phases    ] GC(0)   Pre Evacuate Collection Set: 0.0ms
[2020-10-21T18:55:24.984+0800][gc,phases    ] GC(0)   Evacuate Collection Set: 28.9ms
[2020-10-21T18:55:24.984+0800][gc,phases    ] GC(0)   Post Evacuate Collection Set: 0.8ms
[2020-10-21T18:55:24.984+0800][gc,phases    ] GC(0)   Other: 2.9ms
[2020-10-21T18:55:24.984+0800][gc,heap      ] GC(0) Eden regions: 25->0(21)
[2020-10-21T18:55:24.984+0800][gc,heap      ] GC(0) Survivor regions: 0->4(4)
[2020-10-21T18:55:24.984+0800][gc,heap      ] GC(0) Old regions: 2->4
[2020-10-21T18:55:24.984+0800][gc,heap      ] GC(0) Humongous regions: 0->0
[2020-10-21T18:55:24.984+0800][gc,metaspace ] GC(0) Metaspace: 7604K->7604K(1056768K)
[2020-10-21T18:55:24.984+0800][gc           ] GC(0) Pause Young (Normal) (G1 Evacuation Pause) 25M->5M(512M) 32.761ms
[2020-10-21T18:55:24.984+0800][gc,cpu       ] GC(0) User=0.21s Sys=0.02s Real=0.03s
[2020-10-21T19:01:50.819+0800][gc,heap,exit ] Heap
[2020-10-21T19:01:50.819+0800][gc,heap,exit ]  garbage-first heap   total 524288K, used 11170K [0x00000000e0000000, 0x0000000100000000)
[2020-10-21T19:01:50.819+0800][gc,heap,exit ]   region size 1024K, 10 young (10240K), 4 survivors (4096K)
[2020-10-21T19:01:50.819+0800][gc,heap,exit ]  Metaspace       used 7946K, capacity 8240K, committed 8448K, reserved 1056768K
[2020-10-21T19:01:50.819+0800][gc,heap,exit ]   class space    used 888K, capacity 1004K, committed 1024K, reserved 1048576K
